// Jest Snapshot v1, https://goo.gl/fbAQLP

exports[`normalize table 1`] = `
Object {
  "document": Object {
    "data": Object {},
    "nodes": Array [
      Object {
        "data": Object {},
        "isVoid": false,
        "nodes": Array [
          Object {
            "data": Object {},
            "isVoid": false,
            "nodes": Array [
              Object {
                "data": Object {
                  "isHeader": true,
                },
                "isVoid": false,
                "nodes": Array [
                  Object {
                    "leaves": Array [
                      Object {
                        "marks": Array [],
                        "object": "leaf",
                        "text": "column 1",
                      },
                    ],
                    "object": "text",
                  },
                ],
                "object": "block",
                "type": "table-cell",
              },
              Object {
                "data": Object {
                  "isHeader": true,
                },
                "isVoid": false,
                "nodes": Array [
                  Object {
                    "leaves": Array [
                      Object {
                        "marks": Array [],
                        "object": "leaf",
                        "text": "column 2",
                      },
                    ],
                    "object": "text",
                  },
                ],
                "object": "block",
                "type": "table-cell",
              },
            ],
            "object": "block",
            "type": "table-row",
          },
          Object {
            "data": Object {},
            "isVoid": false,
            "nodes": Array [
              Object {
                "data": Object {},
                "isVoid": false,
                "nodes": Array [
                  Object {
                    "leaves": Array [
                      Object {
                        "marks": Array [],
                        "object": "leaf",
                        "text": "column 1",
                      },
                    ],
                    "object": "text",
                  },
                ],
                "object": "block",
                "type": "table-cell",
              },
              Object {
                "data": Object {},
                "isVoid": false,
                "nodes": Array [
                  Object {
                    "leaves": Array [
                      Object {
                        "marks": Array [],
                        "object": "leaf",
                        "text": "column 2",
                      },
                    ],
                    "object": "text",
                  },
                ],
                "object": "block",
                "type": "table-cell",
              },
            ],
            "object": "block",
            "type": "table-row",
          },
        ],
        "object": "block",
        "type": "table",
      },
    ],
    "object": "document",
  },
  "object": "value",
}
`;
