// Jest Snapshot v1, https://goo.gl/fbAQLP

exports[`calls add filter, update filter, and delete filter 1`] = `
<form>
  <div
    class="c-connectFilter"
  >
    <label
      class="c-connectFilter__item"
    >
      <input
        class="c-connectFilter__checkbox"
        name="urn:filter:f102710e-973e-4999-9daf-f1536d41188a-active"
        type="checkbox"
      />
      blabla
    </label>
    <label
      class="c-toggleSwitch"
    >
      <input
        checked=""
        data-testid="urn:filter:f102710e-973e-4999-9daf-f1536d41188a-relevance"
        type="checkbox"
      />
      <span
        class="c-toggleSwitch__slider"
      />
    </label>
  </div>
  <div
    class="c-connectFilter"
  >
    <label
      class="c-connectFilter__item"
    >
      <input
        class="c-connectFilter__checkbox"
        name="urn:filter:fc0a6fc5-4ed3-4aec-ade7-381ac51c446e-active"
        type="checkbox"
      />
      blabla hei
    </label>
    <label
      class="c-toggleSwitch"
    >
      <input
        checked=""
        data-testid="urn:filter:fc0a6fc5-4ed3-4aec-ade7-381ac51c446e-relevance"
        type="checkbox"
      />
      <span
        class="c-toggleSwitch__slider"
      />
    </label>
  </div>
  <div
    class="c-connectFilter"
  >
    <label
      class="c-connectFilter__item"
    >
      <input
        class="c-connectFilter__checkbox"
        name="urn:filter:fd6893b9-c02a-4016-b64e-1b6533ff9ba2-active"
        type="checkbox"
      />
      blabla
    </label>
    <label
      class="c-toggleSwitch"
    >
      <input
        checked=""
        data-testid="urn:filter:fd6893b9-c02a-4016-b64e-1b6533ff9ba2-relevance"
        type="checkbox"
      />
      <span
        class="c-toggleSwitch__slider"
      />
    </label>
  </div>
  <div
    class="c-connectFilter"
  >
    <label
      class="c-connectFilter__item"
    >
      <input
        class="c-connectFilter__checkbox"
        name="urn:filter:a583772c-4c71-401c-807d-6cb676dcf523-active"
        type="checkbox"
      />
      Test test
    </label>
    <label
      class="c-toggleSwitch"
    >
      <input
        checked=""
        data-testid="urn:filter:a583772c-4c71-401c-807d-6cb676dcf523-relevance"
        type="checkbox"
      />
      <span
        class="c-toggleSwitch__slider"
      />
    </label>
  </div>
  <button
    class="c-button c-button--stripped"
    data-testid="submitConnectFilters"
    type="button"
  >
    Lagre
  </button>
  
</form>
`;

exports[`maps out filters 1`] = `
<form>
  <div
    class="c-connectFilter"
  >
    <label
      class="c-connectFilter__item"
    >
      <input
        class="c-connectFilter__checkbox"
        name="urn:filter:f102710e-973e-4999-9daf-f1536d41188a-active"
        type="checkbox"
      />
      blabla
    </label>
    <label
      class="c-toggleSwitch"
    >
      <input
        checked=""
        data-testid="urn:filter:f102710e-973e-4999-9daf-f1536d41188a-relevance"
        type="checkbox"
      />
      <span
        class="c-toggleSwitch__slider"
      />
    </label>
  </div>
  <div
    class="c-connectFilter"
  >
    <label
      class="c-connectFilter__item"
    >
      <input
        class="c-connectFilter__checkbox"
        name="urn:filter:fc0a6fc5-4ed3-4aec-ade7-381ac51c446e-active"
        type="checkbox"
      />
      blabla hei
    </label>
    <label
      class="c-toggleSwitch"
    >
      <input
        checked=""
        data-testid="urn:filter:fc0a6fc5-4ed3-4aec-ade7-381ac51c446e-relevance"
        type="checkbox"
      />
      <span
        class="c-toggleSwitch__slider"
      />
    </label>
  </div>
  <div
    class="c-connectFilter"
  >
    <label
      class="c-connectFilter__item"
    >
      <input
        class="c-connectFilter__checkbox"
        name="urn:filter:fd6893b9-c02a-4016-b64e-1b6533ff9ba2-active"
        type="checkbox"
      />
      blabla
    </label>
    <label
      class="c-toggleSwitch"
    >
      <input
        checked=""
        data-testid="urn:filter:fd6893b9-c02a-4016-b64e-1b6533ff9ba2-relevance"
        type="checkbox"
      />
      <span
        class="c-toggleSwitch__slider"
      />
    </label>
  </div>
  <div
    class="c-connectFilter"
  >
    <label
      class="c-connectFilter__item"
    >
      <input
        class="c-connectFilter__checkbox"
        name="urn:filter:a583772c-4c71-401c-807d-6cb676dcf523-active"
        type="checkbox"
      />
      Test test
    </label>
    <label
      class="c-toggleSwitch"
    >
      <input
        checked=""
        data-testid="urn:filter:a583772c-4c71-401c-807d-6cb676dcf523-relevance"
        type="checkbox"
      />
      <span
        class="c-toggleSwitch__slider"
      />
    </label>
  </div>
  <button
    class="c-button c-button--stripped"
    data-testid="submitConnectFilters"
    type="button"
  >
    Lagre
  </button>
</form>
`;
