// Jest Snapshot v1, https://goo.gl/fbAQLP

exports[`fetches and renders a list of subjects and topics based on pathname 1`] = `
<div
  class="o-wrapper undefined"
>
  <div
    class="c-accordion c-accordion--taxonomy"
  >
    <div
      class="c-accordion__buttonLine c-accordion__buttonLine--taxonomy"
    >
      <button
        class="c-button c-button--stripped c-accordion__button c-accordion__button--taxonomy"
        type="button"
      >
        <span
          class="c-accordion__title c-accordion__title--taxonomy"
        >
          <svg
            fill="currentColor"
            preserveAspectRatio="xMidYMid meet"
            height="1em"
            width="1em"
            class="c-icon c-icon--medium"
            viewBox="0 0 60 44"
            data-license="CC-BY 4.0"
            data-source="Knowit"
            style="vertical-align: middle;"
          >
            <g>
              <path
                d="M58,29H53V24a2.9,2.9,0,0,0-3-3H31.5V15H36a2,2,0,0,0,2-2V2a2,2,0,0,0-2-2H24a2,2,0,0,0-2,2V13a2,2,0,0,0,2,2h5.5v6H10a2.9,2.9,0,0,0-3,3v5H2a2,2,0,0,0-2,2V42a2,2,0,0,0,2,2H14a2,2,0,0,0,2-2V31a2,2,0,0,0-2-2H9V24a.9.9,0,0,1,1-1H29.5v6H24a2,2,0,0,0-2,2V42a2,2,0,0,0,2,2H36a2,2,0,0,0,2-2V31a2,2,0,0,0-2-2H31.5V23H50a.9.9,0,0,1,1,1v5H46a2,2,0,0,0-2,2V42a2,2,0,0,0,2,2H58a2,2,0,0,0,2-2V31A2,2,0,0,0,58,29ZM24,2H36V13H24ZM14,42H2V31H14ZM36,31V42H24V31H36ZM58,42H46V31H58Z"
              />
            </g>
          </svg>
          injected
        </span>
      </button>
      <button
        class="c-button c-button--stripped c-addButton"
        data-testid="AddSubjectButton"
        type="button"
      >
        injected
      </button>
      <button
        class="c-button c-button--stripped c-accordion__button c-accordion__button--taxonomy c-accordion__button--arrowButton"
        type="button"
      >
        <svg
          fill="currentColor"
          preserveAspectRatio="xMidYMid meet"
          height="1em"
          width="1em"
          class="c-icon c-accordion__arrow c-accordion__arrow--taxonomy"
          viewBox="0 0 24 24"
          data-license="Apache License 2.0"
          data-source="Material Design"
          style="vertical-align: middle;"
        >
          <g>
            <path
              d="M12 8l-6 6 1.41 1.41L12 10.83l4.59 4.58L18 14z"
            />
          </g>
        </svg>
      </button>
    </div>
    <div
      class="c-accordion__content c-accordion__content--visible c-accordion__content--taxonomy"
    >
      <div>
        <div
          class="c-folder__wrapper"
        >
          <a
            class="c-folder__link c-folder__link--active"
            href="/structure/subject:1"
          >
            <svg
              fill="currentColor"
              preserveAspectRatio="xMidYMid meet"
              height="1em"
              width="1em"
              class="c-icon c-folder__folderIcon"
              viewBox="0 0 14 11"
              data-license="CC-BY 4.0"
              data-source="Knowit"
              style="vertical-align: middle; color: rgb(112, 165, 218);"
            >
              <g>
                <path
                  d="M8.5,1.1h4.4A1.1,1.1,0,0,1,14,2.2V9.9A1.1,1.1,0,0,1,12.9,11H1.1a1,1,0,0,1-1-1.1h0A.9.9,0,0,1,0,9.4V1.6A1.6,1.6,0,0,1,1.6,0H7A1.6,1.6,0,0,1,8.5,1.1Z"
                />
              </g>
            </svg>
            Medieuttrykk og mediesamfunnet
          </a>
          <div
            class="c-settingsMenu"
          >
            <button
              class="c-button c-button--stripped"
              type="button"
            >
              <div
                class="c-roundIcon c-roundIcon--margin"
              >
                <svg
                  fill="currentColor"
                  preserveAspectRatio="xMidYMid meet"
                  height="1em"
                  width="1em"
                  class="c-icon"
                  viewBox="0 0 24 24"
                  data-license="Apache License 2.0"
                  data-source="Material Design"
                  style="vertical-align: middle;"
                >
                  <g>
                    <path
                      d="M0 0h24v24H0z"
                      fill="none"
                    />
                    <path
                      d="M19.43 12.98c.04-.32.07-.64.07-.98s-.03-.66-.07-.98l2.11-1.65c.19-.15.24-.42.12-.64l-2-3.46c-.12-.22-.39-.3-.61-.22l-2.49 1c-.52-.4-1.08-.73-1.69-.98l-.38-2.65C14.46 2.18 14.25 2 14 2h-4c-.25 0-.46.18-.49.42l-.38 2.65c-.61.25-1.17.59-1.69.98l-2.49-1c-.23-.09-.49 0-.61.22l-2 3.46c-.13.22-.07.49.12.64l2.11 1.65c-.04.32-.07.65-.07.98s.03.66.07.98l-2.11 1.65c-.19.15-.24.42-.12.64l2 3.46c.12.22.39.3.61.22l2.49-1c.52.4 1.08.73 1.69.98l.38 2.65c.03.24.24.42.49.42h4c.25 0 .46-.18.49-.42l.38-2.65c.61-.25 1.17-.59 1.69-.98l2.49 1c.23.09.49 0 .61-.22l2-3.46c.12-.22.07-.49-.12-.64l-2.11-1.65zM12 15.5c-1.93 0-3.5-1.57-3.5-3.5s1.57-3.5 3.5-3.5 3.5 1.57 3.5 3.5-1.57 3.5-3.5 3.5z"
                    />
                  </g>
                </svg>
              </div>
            </button>
          </div>
        </div>
        <div
          class="c-folder__subFolders"
        >
          <div
            class="c-folder__wrapper"
          >
            <a
              class="c-folder__link"
              href="/structure/subject:1/topic:1:186401"
            >
              <svg
                fill="currentColor"
                preserveAspectRatio="xMidYMid meet"
                height="1em"
                width="1em"
                class="c-icon c-folder__folderIcon"
                viewBox="0 0 14 11"
                data-license="CC-BY 4.0"
                data-source="Knowit"
                style="vertical-align: middle; color: rgb(112, 165, 218);"
              >
                <g>
                  <path
                    d="M8.5,1.1h4.4A1.1,1.1,0,0,1,14,2.2V9.9A1.1,1.1,0,0,1,12.9,11H1.1a1,1,0,0,1-1-1.1h0A.9.9,0,0,1,0,9.4V1.6A1.6,1.6,0,0,1,1.6,0H7A1.6,1.6,0,0,1,8.5,1.1Z"
                  />
                </g>
              </svg>
              Brukertips og årsplaner
            </a>
          </div>
          <div
            class="c-folder__subFolders"
          />
          <div
            style="display: none;"
          >
            <button
              class="c-button c-button--stripped"
              type="button"
            >
              <div
                class="c-roundIcon"
              >
                <svg
                  fill="currentColor"
                  preserveAspectRatio="xMidYMid meet"
                  height="1em"
                  width="1em"
                  class="c-icon"
                  viewBox="0 0 24 24"
                  data-license="Apache License 2.0"
                  data-source="Material Design"
                  style="vertical-align: middle;"
                >
                  <g>
                    <path
                      d="M3.9 12c0-1.71 1.39-3.1 3.1-3.1h4V7H7c-2.76 0-5 2.24-5 5s2.24 5 5 5h4v-1.9H7c-1.71 0-3.1-1.39-3.1-3.1zM8 13h8v-2H8v2zm9-6h-4v1.9h4c1.71 0 3.1 1.39 3.1 3.1s-1.39 3.1-3.1 3.1h-4V17h4c2.76 0 5-2.24 5-5s-2.24-5-5-5z"
                    />
                  </g>
                </svg>
              </div>
            </button>
          </div>
          <div
            class="c-folder__wrapper"
          >
            <a
              class="c-folder__link"
              href="/structure/subject:1/topic:1:172416"
            >
              <svg
                fill="currentColor"
                preserveAspectRatio="xMidYMid meet"
                height="1em"
                width="1em"
                class="c-icon c-folder__folderIcon"
                viewBox="0 0 14 11"
                data-license="CC-BY 4.0"
                data-source="Knowit"
                style="vertical-align: middle; color: rgb(112, 165, 218);"
              >
                <g>
                  <path
                    d="M8.5,1.1h4.4A1.1,1.1,0,0,1,14,2.2V9.9A1.1,1.1,0,0,1,12.9,11H1.1a1,1,0,0,1-1-1.1h0A.9.9,0,0,1,0,9.4V1.6A1.6,1.6,0,0,1,1.6,0H7A1.6,1.6,0,0,1,8.5,1.1Z"
                  />
                </g>
              </svg>
              Idéskaping og mediedesign
            </a>
          </div>
          <div
            class="c-folder__subFolders"
          />
          <div
            style="display: none;"
          >
            <button
              class="c-button c-button--stripped"
              type="button"
            >
              <div
                class="c-roundIcon"
              >
                <svg
                  fill="currentColor"
                  preserveAspectRatio="xMidYMid meet"
                  height="1em"
                  width="1em"
                  class="c-icon"
                  viewBox="0 0 24 24"
                  data-license="Apache License 2.0"
                  data-source="Material Design"
                  style="vertical-align: middle;"
                >
                  <g>
                    <path
                      d="M3.9 12c0-1.71 1.39-3.1 3.1-3.1h4V7H7c-2.76 0-5 2.24-5 5s2.24 5 5 5h4v-1.9H7c-1.71 0-3.1-1.39-3.1-3.1zM8 13h8v-2H8v2zm9-6h-4v1.9h4c1.71 0 3.1 1.39 3.1 3.1s-1.39 3.1-3.1 3.1h-4V17h4c2.76 0 5-2.24 5-5s-2.24-5-5-5z"
                    />
                  </g>
                </svg>
              </div>
            </button>
          </div>
          <div
            class="c-folder__wrapper"
          >
            <a
              class="c-folder__link"
              href="/structure/subject:1/topic:1:186460"
            >
              <svg
                fill="currentColor"
                preserveAspectRatio="xMidYMid meet"
                height="1em"
                width="1em"
                class="c-icon c-folder__folderIcon"
                viewBox="0 0 14 11"
                data-license="CC-BY 4.0"
                data-source="Knowit"
                style="vertical-align: middle; color: rgb(112, 165, 218);"
              >
                <g>
                  <path
                    d="M8.5,1.1h4.4A1.1,1.1,0,0,1,14,2.2V9.9A1.1,1.1,0,0,1,12.9,11H1.1a1,1,0,0,1-1-1.1h0A.9.9,0,0,1,0,9.4V1.6A1.6,1.6,0,0,1,1.6,0H7A1.6,1.6,0,0,1,8.5,1.1Z"
                  />
                </g>
              </svg>
              Medieproduksjon
            </a>
          </div>
          <div
            class="c-folder__subFolders"
          />
          <div
            style="display: none;"
          >
            <button
              class="c-button c-button--stripped"
              type="button"
            >
              <div
                class="c-roundIcon"
              >
                <svg
                  fill="currentColor"
                  preserveAspectRatio="xMidYMid meet"
                  height="1em"
                  width="1em"
                  class="c-icon"
                  viewBox="0 0 24 24"
                  data-license="Apache License 2.0"
                  data-source="Material Design"
                  style="vertical-align: middle;"
                >
                  <g>
                    <path
                      d="M3.9 12c0-1.71 1.39-3.1 3.1-3.1h4V7H7c-2.76 0-5 2.24-5 5s2.24 5 5 5h4v-1.9H7c-1.71 0-3.1-1.39-3.1-3.1zM8 13h8v-2H8v2zm9-6h-4v1.9h4c1.71 0 3.1 1.39 3.1 3.1s-1.39 3.1-3.1 3.1h-4V17h4c2.76 0 5-2.24 5-5s-2.24-5-5-5z"
                    />
                  </g>
                </svg>
              </div>
            </button>
          </div>
          <div
            class="c-folder__wrapper"
          >
            <a
              class="c-folder__link c-folder__link--active"
              href="/structure/subject:1/topic:1:186479"
            >
              <svg
                fill="currentColor"
                preserveAspectRatio="xMidYMid meet"
                height="1em"
                width="1em"
                class="c-icon c-folder__folderIcon"
                viewBox="0 0 14 11"
                data-license="CC-BY 4.0"
                data-source="Knowit"
                style="vertical-align: middle; color: rgb(112, 165, 218);"
              >
                <g>
                  <path
                    d="M8.5,1.1h4.4A1.1,1.1,0,0,1,14,2.2V9.9A1.1,1.1,0,0,1,12.9,11H1.1a1,1,0,0,1-1-1.1h0A.9.9,0,0,1,0,9.4V1.6A1.6,1.6,0,0,1,1.6,0H7A1.6,1.6,0,0,1,8.5,1.1Z"
                  />
                </g>
              </svg>
              Mediekommunikasjon
            </a>
            <div
              class="c-settingsMenu"
            >
              <button
                class="c-button c-button--stripped"
                type="button"
              >
                <div
                  class="c-roundIcon c-roundIcon--margin"
                >
                  <svg
                    fill="currentColor"
                    preserveAspectRatio="xMidYMid meet"
                    height="1em"
                    width="1em"
                    class="c-icon"
                    viewBox="0 0 24 24"
                    data-license="Apache License 2.0"
                    data-source="Material Design"
                    style="vertical-align: middle;"
                  >
                    <g>
                      <path
                        d="M0 0h24v24H0z"
                        fill="none"
                      />
                      <path
                        d="M19.43 12.98c.04-.32.07-.64.07-.98s-.03-.66-.07-.98l2.11-1.65c.19-.15.24-.42.12-.64l-2-3.46c-.12-.22-.39-.3-.61-.22l-2.49 1c-.52-.4-1.08-.73-1.69-.98l-.38-2.65C14.46 2.18 14.25 2 14 2h-4c-.25 0-.46.18-.49.42l-.38 2.65c-.61.25-1.17.59-1.69.98l-2.49-1c-.23-.09-.49 0-.61.22l-2 3.46c-.13.22-.07.49.12.64l2.11 1.65c-.04.32-.07.65-.07.98s.03.66.07.98l-2.11 1.65c-.19.15-.24.42-.12.64l2 3.46c.12.22.39.3.61.22l2.49-1c.52.4 1.08.73 1.69.98l.38 2.65c.03.24.24.42.49.42h4c.25 0 .46-.18.49-.42l.38-2.65c.61-.25 1.17-.59 1.69-.98l2.49 1c.23.09.49 0 .61-.22l2-3.46c.12-.22.07-.49-.12-.64l-2.11-1.65zM12 15.5c-1.93 0-3.5-1.57-3.5-3.5s1.57-3.5 3.5-3.5 3.5 1.57 3.5 3.5-1.57 3.5-3.5 3.5z"
                      />
                    </g>
                  </svg>
                </div>
              </button>
            </div>
          </div>
          <div
            class="c-folder__subFolders"
          >
            <div
              class="c-folder__wrapper"
            >
              <a
                class="c-folder__link"
                href="/structure/subject:1/topic:1:186479/topic:1:186487"
              >
                <svg
                  fill="currentColor"
                  preserveAspectRatio="xMidYMid meet"
                  height="1em"
                  width="1em"
                  class="c-icon c-folder__folderIcon"
                  viewBox="0 0 14 11"
                  data-license="CC-BY 4.0"
                  data-source="Knowit"
                  style="vertical-align: middle; color: rgb(112, 165, 218);"
                >
                  <g>
                    <path
                      d="M8.5,1.1h4.4A1.1,1.1,0,0,1,14,2.2V9.9A1.1,1.1,0,0,1,12.9,11H1.1a1,1,0,0,1-1-1.1h0A.9.9,0,0,1,0,9.4V1.6A1.6,1.6,0,0,1,1.6,0H7A1.6,1.6,0,0,1,8.5,1.1Z"
                    />
                  </g>
                </svg>
                Mediekommunikasjon
              </a>
            </div>
            <div
              class="c-folder__subFolders"
            />
            <div
              style="display: none;"
            >
              <button
                class="c-button c-button--stripped"
                type="button"
              >
                <div
                  class="c-roundIcon"
                >
                  <svg
                    fill="currentColor"
                    preserveAspectRatio="xMidYMid meet"
                    height="1em"
                    width="1em"
                    class="c-icon"
                    viewBox="0 0 24 24"
                    data-license="Apache License 2.0"
                    data-source="Material Design"
                    style="vertical-align: middle;"
                  >
                    <g>
                      <path
                        d="M3.9 12c0-1.71 1.39-3.1 3.1-3.1h4V7H7c-2.76 0-5 2.24-5 5s2.24 5 5 5h4v-1.9H7c-1.71 0-3.1-1.39-3.1-3.1zM8 13h8v-2H8v2zm9-6h-4v1.9h4c1.71 0 3.1 1.39 3.1 3.1s-1.39 3.1-3.1 3.1h-4V17h4c2.76 0 5-2.24 5-5s-2.24-5-5-5z"
                      />
                    </g>
                  </svg>
                </div>
              </button>
            </div>
            <div
              class="c-folder__wrapper"
            >
              <a
                class="c-folder__link c-folder__link--active"
                href="/structure/subject:1/topic:1:186479/topic:1:172650"
              >
                <svg
                  fill="currentColor"
                  preserveAspectRatio="xMidYMid meet"
                  height="1em"
                  width="1em"
                  class="c-icon c-folder__folderIcon"
                  viewBox="0 0 14 11"
                  data-license="CC-BY 4.0"
                  data-source="Knowit"
                  style="vertical-align: middle; color: rgb(112, 165, 218);"
                >
                  <g>
                    <path
                      d="M8.5,1.1h4.4A1.1,1.1,0,0,1,14,2.2V9.9A1.1,1.1,0,0,1,12.9,11H1.1a1,1,0,0,1-1-1.1h0A.9.9,0,0,1,0,9.4V1.6A1.6,1.6,0,0,1,1.6,0H7A1.6,1.6,0,0,1,8.5,1.1Z"
                    />
                  </g>
                </svg>
                Fortelleteknikker og virkemidler
              </a>
              <div
                class="c-settingsMenu"
              >
                <button
                  class="c-button c-button--stripped"
                  type="button"
                >
                  <div
                    class="c-roundIcon c-roundIcon--margin"
                  >
                    <svg
                      fill="currentColor"
                      preserveAspectRatio="xMidYMid meet"
                      height="1em"
                      width="1em"
                      class="c-icon"
                      viewBox="0 0 24 24"
                      data-license="Apache License 2.0"
                      data-source="Material Design"
                      style="vertical-align: middle;"
                    >
                      <g>
                        <path
                          d="M0 0h24v24H0z"
                          fill="none"
                        />
                        <path
                          d="M19.43 12.98c.04-.32.07-.64.07-.98s-.03-.66-.07-.98l2.11-1.65c.19-.15.24-.42.12-.64l-2-3.46c-.12-.22-.39-.3-.61-.22l-2.49 1c-.52-.4-1.08-.73-1.69-.98l-.38-2.65C14.46 2.18 14.25 2 14 2h-4c-.25 0-.46.18-.49.42l-.38 2.65c-.61.25-1.17.59-1.69.98l-2.49-1c-.23-.09-.49 0-.61.22l-2 3.46c-.13.22-.07.49.12.64l2.11 1.65c-.04.32-.07.65-.07.98s.03.66.07.98l-2.11 1.65c-.19.15-.24.42-.12.64l2 3.46c.12.22.39.3.61.22l2.49-1c.52.4 1.08.73 1.69.98l.38 2.65c.03.24.24.42.49.42h4c.25 0 .46-.18.49-.42l.38-2.65c.61-.25 1.17-.59 1.69-.98l2.49 1c.23.09.49 0 .61-.22l2-3.46c.12-.22.07-.49-.12-.64l-2.11-1.65zM12 15.5c-1.93 0-3.5-1.57-3.5-3.5s1.57-3.5 3.5-3.5 3.5 1.57 3.5 3.5-1.57 3.5-3.5 3.5z"
                        />
                      </g>
                    </svg>
                  </div>
                </button>
              </div>
            </div>
            <div
              class="c-folder__subFolders"
            />
            <div
              style="display: none;"
            >
              <button
                class="c-button c-button--stripped"
                type="button"
              >
                <div
                  class="c-roundIcon"
                >
                  <svg
                    fill="currentColor"
                    preserveAspectRatio="xMidYMid meet"
                    height="1em"
                    width="1em"
                    class="c-icon"
                    viewBox="0 0 24 24"
                    data-license="Apache License 2.0"
                    data-source="Material Design"
                    style="vertical-align: middle;"
                  >
                    <g>
                      <path
                        d="M3.9 12c0-1.71 1.39-3.1 3.1-3.1h4V7H7c-2.76 0-5 2.24-5 5s2.24 5 5 5h4v-1.9H7c-1.71 0-3.1-1.39-3.1-3.1zM8 13h8v-2H8v2zm9-6h-4v1.9h4c1.71 0 3.1 1.39 3.1 3.1s-1.39 3.1-3.1 3.1h-4V17h4c2.76 0 5-2.24 5-5s-2.24-5-5-5z"
                      />
                    </g>
                  </svg>
                </div>
              </button>
            </div>
            <div
              class="c-folder__wrapper"
            >
              <a
                class="c-folder__link"
                href="/structure/subject:1/topic:1:186479/topic:1:185606"
              >
                <svg
                  fill="currentColor"
                  preserveAspectRatio="xMidYMid meet"
                  height="1em"
                  width="1em"
                  class="c-icon c-folder__folderIcon"
                  viewBox="0 0 14 11"
                  data-license="CC-BY 4.0"
                  data-source="Knowit"
                  style="vertical-align: middle; color: rgb(112, 165, 218);"
                >
                  <g>
                    <path
                      d="M8.5,1.1h4.4A1.1,1.1,0,0,1,14,2.2V9.9A1.1,1.1,0,0,1,12.9,11H1.1a1,1,0,0,1-1-1.1h0A.9.9,0,0,1,0,9.4V1.6A1.6,1.6,0,0,1,1.6,0H7A1.6,1.6,0,0,1,8.5,1.1Z"
                    />
                  </g>
                </svg>
                Medieanalyse
              </a>
            </div>
            <div
              class="c-folder__subFolders"
            />
            <div
              style="display: none;"
            >
              <button
                class="c-button c-button--stripped"
                type="button"
              >
                <div
                  class="c-roundIcon"
                >
                  <svg
                    fill="currentColor"
                    preserveAspectRatio="xMidYMid meet"
                    height="1em"
                    width="1em"
                    class="c-icon"
                    viewBox="0 0 24 24"
                    data-license="Apache License 2.0"
                    data-source="Material Design"
                    style="vertical-align: middle;"
                  >
                    <g>
                      <path
                        d="M3.9 12c0-1.71 1.39-3.1 3.1-3.1h4V7H7c-2.76 0-5 2.24-5 5s2.24 5 5 5h4v-1.9H7c-1.71 0-3.1-1.39-3.1-3.1zM8 13h8v-2H8v2zm9-6h-4v1.9h4c1.71 0 3.1 1.39 3.1 3.1s-1.39 3.1-3.1 3.1h-4V17h4c2.76 0 5-2.24 5-5s-2.24-5-5-5z"
                      />
                    </g>
                  </svg>
                </div>
              </button>
            </div>
          </div>
          <div
            style="display: none;"
          >
            <button
              class="c-button c-button--stripped"
              type="button"
            >
              <div
                class="c-roundIcon"
              >
                <svg
                  fill="currentColor"
                  preserveAspectRatio="xMidYMid meet"
                  height="1em"
                  width="1em"
                  class="c-icon"
                  viewBox="0 0 24 24"
                  data-license="Apache License 2.0"
                  data-source="Material Design"
                  style="vertical-align: middle;"
                >
                  <g>
                    <path
                      d="M3.9 12c0-1.71 1.39-3.1 3.1-3.1h4V7H7c-2.76 0-5 2.24-5 5s2.24 5 5 5h4v-1.9H7c-1.71 0-3.1-1.39-3.1-3.1zM8 13h8v-2H8v2zm9-6h-4v1.9h4c1.71 0 3.1 1.39 3.1 3.1s-1.39 3.1-3.1 3.1h-4V17h4c2.76 0 5-2.24 5-5s-2.24-5-5-5z"
                    />
                  </g>
                </svg>
              </div>
            </button>
          </div>
          <div
            class="c-folder__wrapper"
          >
            <a
              class="c-folder__link"
              href="/structure/subject:1/topic:1:171906"
            >
              <svg
                fill="currentColor"
                preserveAspectRatio="xMidYMid meet"
                height="1em"
                width="1em"
                class="c-icon c-folder__folderIcon"
                viewBox="0 0 14 11"
                data-license="CC-BY 4.0"
                data-source="Knowit"
                style="vertical-align: middle; color: rgb(112, 165, 218);"
              >
                <g>
                  <path
                    d="M8.5,1.1h4.4A1.1,1.1,0,0,1,14,2.2V9.9A1.1,1.1,0,0,1,12.9,11H1.1a1,1,0,0,1-1-1.1h0A.9.9,0,0,1,0,9.4V1.6A1.6,1.6,0,0,1,1.6,0H7A1.6,1.6,0,0,1,8.5,1.1Z"
                  />
                </g>
              </svg>
              Mediebransjen – yrker, regelverk og retorikk
            </a>
          </div>
          <div
            class="c-folder__subFolders"
          />
          <div
            style="display: none;"
          >
            <button
              class="c-button c-button--stripped"
              type="button"
            >
              <div
                class="c-roundIcon"
              >
                <svg
                  fill="currentColor"
                  preserveAspectRatio="xMidYMid meet"
                  height="1em"
                  width="1em"
                  class="c-icon"
                  viewBox="0 0 24 24"
                  data-license="Apache License 2.0"
                  data-source="Material Design"
                  style="vertical-align: middle;"
                >
                  <g>
                    <path
                      d="M3.9 12c0-1.71 1.39-3.1 3.1-3.1h4V7H7c-2.76 0-5 2.24-5 5s2.24 5 5 5h4v-1.9H7c-1.71 0-3.1-1.39-3.1-3.1zM8 13h8v-2H8v2zm9-6h-4v1.9h4c1.71 0 3.1 1.39 3.1 3.1s-1.39 3.1-3.1 3.1h-4V17h4c2.76 0 5-2.24 5-5s-2.24-5-5-5z"
                    />
                  </g>
                </svg>
              </div>
            </button>
          </div>
          <div
            class="c-folder__wrapper"
          >
            <a
              class="c-folder__link"
              href="/structure/subject:1/topic:1:172361"
            >
              <svg
                fill="currentColor"
                preserveAspectRatio="xMidYMid meet"
                height="1em"
                width="1em"
                class="c-icon c-folder__folderIcon"
                viewBox="0 0 14 11"
                data-license="CC-BY 4.0"
                data-source="Knowit"
                style="vertical-align: middle; color: rgb(112, 165, 218);"
              >
                <g>
                  <path
                    d="M8.5,1.1h4.4A1.1,1.1,0,0,1,14,2.2V9.9A1.1,1.1,0,0,1,12.9,11H1.1a1,1,0,0,1-1-1.1h0A.9.9,0,0,1,0,9.4V1.6A1.6,1.6,0,0,1,1.6,0H7A1.6,1.6,0,0,1,8.5,1.1Z"
                  />
                </g>
              </svg>
              Individet og mediene
            </a>
          </div>
          <div
            class="c-folder__subFolders"
          />
          <div
            style="display: none;"
          >
            <button
              class="c-button c-button--stripped"
              type="button"
            >
              <div
                class="c-roundIcon"
              >
                <svg
                  fill="currentColor"
                  preserveAspectRatio="xMidYMid meet"
                  height="1em"
                  width="1em"
                  class="c-icon"
                  viewBox="0 0 24 24"
                  data-license="Apache License 2.0"
                  data-source="Material Design"
                  style="vertical-align: middle;"
                >
                  <g>
                    <path
                      d="M3.9 12c0-1.71 1.39-3.1 3.1-3.1h4V7H7c-2.76 0-5 2.24-5 5s2.24 5 5 5h4v-1.9H7c-1.71 0-3.1-1.39-3.1-3.1zM8 13h8v-2H8v2zm9-6h-4v1.9h4c1.71 0 3.1 1.39 3.1 3.1s-1.39 3.1-3.1 3.1h-4V17h4c2.76 0 5-2.24 5-5s-2.24-5-5-5z"
                    />
                  </g>
                </svg>
              </div>
            </button>
          </div>
          <div
            class="c-folder__wrapper"
          >
            <a
              class="c-folder__link"
              href="/structure/subject:1/topic:1:172362"
            >
              <svg
                fill="currentColor"
                preserveAspectRatio="xMidYMid meet"
                height="1em"
                width="1em"
                class="c-icon c-folder__folderIcon"
                viewBox="0 0 14 11"
                data-license="CC-BY 4.0"
                data-source="Knowit"
                style="vertical-align: middle; color: rgb(112, 165, 218);"
              >
                <g>
                  <path
                    d="M8.5,1.1h4.4A1.1,1.1,0,0,1,14,2.2V9.9A1.1,1.1,0,0,1,12.9,11H1.1a1,1,0,0,1-1-1.1h0A.9.9,0,0,1,0,9.4V1.6A1.6,1.6,0,0,1,1.6,0H7A1.6,1.6,0,0,1,8.5,1.1Z"
                  />
                </g>
              </svg>
              Mediene i samfunnet
            </a>
          </div>
          <div
            class="c-folder__subFolders"
          />
          <div
            style="display: none;"
          >
            <button
              class="c-button c-button--stripped"
              type="button"
            >
              <div
                class="c-roundIcon"
              >
                <svg
                  fill="currentColor"
                  preserveAspectRatio="xMidYMid meet"
                  height="1em"
                  width="1em"
                  class="c-icon"
                  viewBox="0 0 24 24"
                  data-license="Apache License 2.0"
                  data-source="Material Design"
                  style="vertical-align: middle;"
                >
                  <g>
                    <path
                      d="M3.9 12c0-1.71 1.39-3.1 3.1-3.1h4V7H7c-2.76 0-5 2.24-5 5s2.24 5 5 5h4v-1.9H7c-1.71 0-3.1-1.39-3.1-3.1zM8 13h8v-2H8v2zm9-6h-4v1.9h4c1.71 0 3.1 1.39 3.1 3.1s-1.39 3.1-3.1 3.1h-4V17h4c2.76 0 5-2.24 5-5s-2.24-5-5-5z"
                    />
                  </g>
                </svg>
              </div>
            </button>
          </div>
          <div
            class="c-folder__wrapper"
          >
            <a
              class="c-folder__link"
              href="/structure/subject:1/topic:1:172568"
            >
              <svg
                fill="currentColor"
                preserveAspectRatio="xMidYMid meet"
                height="1em"
                width="1em"
                class="c-icon c-folder__folderIcon"
                viewBox="0 0 14 11"
                data-license="CC-BY 4.0"
                data-source="Knowit"
                style="vertical-align: middle; color: rgb(112, 165, 218);"
              >
                <g>
                  <path
                    d="M8.5,1.1h4.4A1.1,1.1,0,0,1,14,2.2V9.9A1.1,1.1,0,0,1,12.9,11H1.1a1,1,0,0,1-1-1.1h0A.9.9,0,0,1,0,9.4V1.6A1.6,1.6,0,0,1,1.6,0H7A1.6,1.6,0,0,1,8.5,1.1Z"
                  />
                </g>
              </svg>
              Tverrfaglige arbeidsoppdrag
            </a>
          </div>
          <div
            class="c-folder__subFolders"
          />
          <div
            style="display: none;"
          >
            <button
              class="c-button c-button--stripped"
              type="button"
            >
              <div
                class="c-roundIcon"
              >
                <svg
                  fill="currentColor"
                  preserveAspectRatio="xMidYMid meet"
                  height="1em"
                  width="1em"
                  class="c-icon"
                  viewBox="0 0 24 24"
                  data-license="Apache License 2.0"
                  data-source="Material Design"
                  style="vertical-align: middle;"
                >
                  <g>
                    <path
                      d="M3.9 12c0-1.71 1.39-3.1 3.1-3.1h4V7H7c-2.76 0-5 2.24-5 5s2.24 5 5 5h4v-1.9H7c-1.71 0-3.1-1.39-3.1-3.1zM8 13h8v-2H8v2zm9-6h-4v1.9h4c1.71 0 3.1 1.39 3.1 3.1s-1.39 3.1-3.1 3.1h-4V17h4c2.76 0 5-2.24 5-5s-2.24-5-5-5z"
                    />
                  </g>
                </svg>
              </div>
            </button>
          </div>
        </div>
        <div
          style="display: none;"
        >
          <button
            class="c-button c-button--stripped"
            type="button"
          >
            <div
              class="c-roundIcon"
            >
              <svg
                fill="currentColor"
                preserveAspectRatio="xMidYMid meet"
                height="1em"
                width="1em"
                class="c-icon"
                viewBox="0 0 24 24"
                data-license="Apache License 2.0"
                data-source="Material Design"
                style="vertical-align: middle;"
              >
                <g>
                  <path
                    d="M3.9 12c0-1.71 1.39-3.1 3.1-3.1h4V7H7c-2.76 0-5 2.24-5 5s2.24 5 5 5h4v-1.9H7c-1.71 0-3.1-1.39-3.1-3.1zM8 13h8v-2H8v2zm9-6h-4v1.9h4c1.71 0 3.1 1.39 3.1 3.1s-1.39 3.1-3.1 3.1h-4V17h4c2.76 0 5-2.24 5-5s-2.24-5-5-5z"
                  />
                </g>
              </svg>
            </div>
          </button>
        </div>
        <div
          class="c-folder__wrapper"
        >
          <a
            class="c-folder__link"
            href="/structure/subject:2"
          >
            <svg
              fill="currentColor"
              preserveAspectRatio="xMidYMid meet"
              height="1em"
              width="1em"
              class="c-icon c-folder__folderIcon"
              viewBox="0 0 14 11"
              data-license="CC-BY 4.0"
              data-source="Knowit"
              style="vertical-align: middle; color: rgb(112, 165, 218);"
            >
              <g>
                <path
                  d="M8.5,1.1h4.4A1.1,1.1,0,0,1,14,2.2V9.9A1.1,1.1,0,0,1,12.9,11H1.1a1,1,0,0,1-1-1.1h0A.9.9,0,0,1,0,9.4V1.6A1.6,1.6,0,0,1,1.6,0H7A1.6,1.6,0,0,1,8.5,1.1Z"
                />
              </g>
            </svg>
            Kinesisk
          </a>
        </div>
        <div
          class="c-folder__subFolders"
        />
        <div
          style="display: none;"
        >
          <button
            class="c-button c-button--stripped"
            type="button"
          >
            <div
              class="c-roundIcon"
            >
              <svg
                fill="currentColor"
                preserveAspectRatio="xMidYMid meet"
                height="1em"
                width="1em"
                class="c-icon"
                viewBox="0 0 24 24"
                data-license="Apache License 2.0"
                data-source="Material Design"
                style="vertical-align: middle;"
              >
                <g>
                  <path
                    d="M3.9 12c0-1.71 1.39-3.1 3.1-3.1h4V7H7c-2.76 0-5 2.24-5 5s2.24 5 5 5h4v-1.9H7c-1.71 0-3.1-1.39-3.1-3.1zM8 13h8v-2H8v2zm9-6h-4v1.9h4c1.71 0 3.1 1.39 3.1 3.1s-1.39 3.1-3.1 3.1h-4V17h4c2.76 0 5-2.24 5-5s-2.24-5-5-5z"
                  />
                </g>
              </svg>
            </div>
          </button>
        </div>
        <div
          class="c-folder__wrapper"
        >
          <a
            class="c-folder__link"
            href="/structure/subject:3"
          >
            <svg
              fill="currentColor"
              preserveAspectRatio="xMidYMid meet"
              height="1em"
              width="1em"
              class="c-icon c-folder__folderIcon"
              viewBox="0 0 14 11"
              data-license="CC-BY 4.0"
              data-source="Knowit"
              style="vertical-align: middle; color: rgb(112, 165, 218);"
            >
              <g>
                <path
                  d="M8.5,1.1h4.4A1.1,1.1,0,0,1,14,2.2V9.9A1.1,1.1,0,0,1,12.9,11H1.1a1,1,0,0,1-1-1.1h0A.9.9,0,0,1,0,9.4V1.6A1.6,1.6,0,0,1,1.6,0H7A1.6,1.6,0,0,1,8.5,1.1Z"
                />
              </g>
            </svg>
            Samfunnsfag
          </a>
        </div>
        <div
          class="c-folder__subFolders"
        />
        <div
          style="display: none;"
        >
          <button
            class="c-button c-button--stripped"
            type="button"
          >
            <div
              class="c-roundIcon"
            >
              <svg
                fill="currentColor"
                preserveAspectRatio="xMidYMid meet"
                height="1em"
                width="1em"
                class="c-icon"
                viewBox="0 0 24 24"
                data-license="Apache License 2.0"
                data-source="Material Design"
                style="vertical-align: middle;"
              >
                <g>
                  <path
                    d="M3.9 12c0-1.71 1.39-3.1 3.1-3.1h4V7H7c-2.76 0-5 2.24-5 5s2.24 5 5 5h4v-1.9H7c-1.71 0-3.1-1.39-3.1-3.1zM8 13h8v-2H8v2zm9-6h-4v1.9h4c1.71 0 3.1 1.39 3.1 3.1s-1.39 3.1-3.1 3.1h-4V17h4c2.76 0 5-2.24 5-5s-2.24-5-5-5z"
                  />
                </g>
              </svg>
            </div>
          </button>
        </div>
        <div
          class="c-folder__wrapper"
        >
          <a
            class="c-folder__link"
            href="/structure/subject:4"
          >
            <svg
              fill="currentColor"
              preserveAspectRatio="xMidYMid meet"
              height="1em"
              width="1em"
              class="c-icon c-folder__folderIcon"
              viewBox="0 0 14 11"
              data-license="CC-BY 4.0"
              data-source="Knowit"
              style="vertical-align: middle; color: rgb(112, 165, 218);"
            >
              <g>
                <path
                  d="M8.5,1.1h4.4A1.1,1.1,0,0,1,14,2.2V9.9A1.1,1.1,0,0,1,12.9,11H1.1a1,1,0,0,1-1-1.1h0A.9.9,0,0,1,0,9.4V1.6A1.6,1.6,0,0,1,1.6,0H7A1.6,1.6,0,0,1,8.5,1.1Z"
                />
              </g>
            </svg>
            Vg 2 Helsearbeiderfag
          </a>
        </div>
        <div
          class="c-folder__subFolders"
        />
        <div
          style="display: none;"
        >
          <button
            class="c-button c-button--stripped"
            type="button"
          >
            <div
              class="c-roundIcon"
            >
              <svg
                fill="currentColor"
                preserveAspectRatio="xMidYMid meet"
                height="1em"
                width="1em"
                class="c-icon"
                viewBox="0 0 24 24"
                data-license="Apache License 2.0"
                data-source="Material Design"
                style="vertical-align: middle;"
              >
                <g>
                  <path
                    d="M3.9 12c0-1.71 1.39-3.1 3.1-3.1h4V7H7c-2.76 0-5 2.24-5 5s2.24 5 5 5h4v-1.9H7c-1.71 0-3.1-1.39-3.1-3.1zM8 13h8v-2H8v2zm9-6h-4v1.9h4c1.71 0 3.1 1.39 3.1 3.1s-1.39 3.1-3.1 3.1h-4V17h4c2.76 0 5-2.24 5-5s-2.24-5-5-5z"
                  />
                </g>
              </svg>
            </div>
          </button>
        </div>
        <div
          class="c-folder__wrapper"
        >
          <a
            class="c-folder__link"
            href="/structure/subject:5"
          >
            <svg
              fill="currentColor"
              preserveAspectRatio="xMidYMid meet"
              height="1em"
              width="1em"
              class="c-icon c-folder__folderIcon"
              viewBox="0 0 14 11"
              data-license="CC-BY 4.0"
              data-source="Knowit"
              style="vertical-align: middle; color: rgb(112, 165, 218);"
            >
              <g>
                <path
                  d="M8.5,1.1h4.4A1.1,1.1,0,0,1,14,2.2V9.9A1.1,1.1,0,0,1,12.9,11H1.1a1,1,0,0,1-1-1.1h0A.9.9,0,0,1,0,9.4V1.6A1.6,1.6,0,0,1,1.6,0H7A1.6,1.6,0,0,1,8.5,1.1Z"
                />
              </g>
            </svg>
            Testfag
          </a>
        </div>
        <div
          class="c-folder__subFolders"
        />
        <div
          style="display: none;"
        >
          <button
            class="c-button c-button--stripped"
            type="button"
          >
            <div
              class="c-roundIcon"
            >
              <svg
                fill="currentColor"
                preserveAspectRatio="xMidYMid meet"
                height="1em"
                width="1em"
                class="c-icon"
                viewBox="0 0 24 24"
                data-license="Apache License 2.0"
                data-source="Material Design"
                style="vertical-align: middle;"
              >
                <g>
                  <path
                    d="M3.9 12c0-1.71 1.39-3.1 3.1-3.1h4V7H7c-2.76 0-5 2.24-5 5s2.24 5 5 5h4v-1.9H7c-1.71 0-3.1-1.39-3.1-3.1zM8 13h8v-2H8v2zm9-6h-4v1.9h4c1.71 0 3.1 1.39 3.1 3.1s-1.39 3.1-3.1 3.1h-4V17h4c2.76 0 5-2.24 5-5s-2.24-5-5-5z"
                  />
                </g>
              </svg>
            </div>
          </button>
        </div>
        <div
          class="c-folder__wrapper"
        >
          <a
            class="c-folder__link"
            href="/structure/subject:6"
          >
            <svg
              fill="currentColor"
              preserveAspectRatio="xMidYMid meet"
              height="1em"
              width="1em"
              class="c-icon c-folder__folderIcon"
              viewBox="0 0 14 11"
              data-license="CC-BY 4.0"
              data-source="Knowit"
              style="vertical-align: middle; color: rgb(112, 165, 218);"
            >
              <g>
                <path
                  d="M8.5,1.1h4.4A1.1,1.1,0,0,1,14,2.2V9.9A1.1,1.1,0,0,1,12.9,11H1.1a1,1,0,0,1-1-1.1h0A.9.9,0,0,1,0,9.4V1.6A1.6,1.6,0,0,1,1.6,0H7A1.6,1.6,0,0,1,8.5,1.1Z"
                />
              </g>
            </svg>
            Brønnteknikk
          </a>
        </div>
        <div
          class="c-folder__subFolders"
        />
        <div
          style="display: none;"
        >
          <button
            class="c-button c-button--stripped"
            type="button"
          >
            <div
              class="c-roundIcon"
            >
              <svg
                fill="currentColor"
                preserveAspectRatio="xMidYMid meet"
                height="1em"
                width="1em"
                class="c-icon"
                viewBox="0 0 24 24"
                data-license="Apache License 2.0"
                data-source="Material Design"
                style="vertical-align: middle;"
              >
                <g>
                  <path
                    d="M3.9 12c0-1.71 1.39-3.1 3.1-3.1h4V7H7c-2.76 0-5 2.24-5 5s2.24 5 5 5h4v-1.9H7c-1.71 0-3.1-1.39-3.1-3.1zM8 13h8v-2H8v2zm9-6h-4v1.9h4c1.71 0 3.1 1.39 3.1 3.1s-1.39 3.1-3.1 3.1h-4V17h4c2.76 0 5-2.24 5-5s-2.24-5-5-5z"
                  />
                </g>
              </svg>
            </div>
          </button>
        </div>
        <div
          class="c-folder__wrapper"
        >
          <a
            class="c-folder__link"
            href="/structure/subject:7"
          >
            <svg
              fill="currentColor"
              preserveAspectRatio="xMidYMid meet"
              height="1em"
              width="1em"
              class="c-icon c-folder__folderIcon"
              viewBox="0 0 14 11"
              data-license="CC-BY 4.0"
              data-source="Knowit"
              style="vertical-align: middle; color: rgb(112, 165, 218);"
            >
              <g>
                <path
                  d="M8.5,1.1h4.4A1.1,1.1,0,0,1,14,2.2V9.9A1.1,1.1,0,0,1,12.9,11H1.1a1,1,0,0,1-1-1.1h0A.9.9,0,0,1,0,9.4V1.6A1.6,1.6,0,0,1,1.6,0H7A1.6,1.6,0,0,1,8.5,1.1Z"
                />
              </g>
            </svg>
            Markedsføring og ledelse 1
          </a>
        </div>
        <div
          class="c-folder__subFolders"
        />
        <div
          style="display: none;"
        >
          <button
            class="c-button c-button--stripped"
            type="button"
          >
            <div
              class="c-roundIcon"
            >
              <svg
                fill="currentColor"
                preserveAspectRatio="xMidYMid meet"
                height="1em"
                width="1em"
                class="c-icon"
                viewBox="0 0 24 24"
                data-license="Apache License 2.0"
                data-source="Material Design"
                style="vertical-align: middle;"
              >
                <g>
                  <path
                    d="M3.9 12c0-1.71 1.39-3.1 3.1-3.1h4V7H7c-2.76 0-5 2.24-5 5s2.24 5 5 5h4v-1.9H7c-1.71 0-3.1-1.39-3.1-3.1zM8 13h8v-2H8v2zm9-6h-4v1.9h4c1.71 0 3.1 1.39 3.1 3.1s-1.39 3.1-3.1 3.1h-4V17h4c2.76 0 5-2.24 5-5s-2.24-5-5-5z"
                  />
                </g>
              </svg>
            </div>
          </button>
        </div>
        <div
          class="c-folder__wrapper"
        >
          <a
            class="c-folder__link"
            href="/structure/subject:8"
          >
            <svg
              fill="currentColor"
              preserveAspectRatio="xMidYMid meet"
              height="1em"
              width="1em"
              class="c-icon c-folder__folderIcon"
              viewBox="0 0 14 11"
              data-license="CC-BY 4.0"
              data-source="Knowit"
              style="vertical-align: middle; color: rgb(112, 165, 218);"
            >
              <g>
                <path
                  d="M8.5,1.1h4.4A1.1,1.1,0,0,1,14,2.2V9.9A1.1,1.1,0,0,1,12.9,11H1.1a1,1,0,0,1-1-1.1h0A.9.9,0,0,1,0,9.4V1.6A1.6,1.6,0,0,1,1.6,0H7A1.6,1.6,0,0,1,8.5,1.1Z"
                />
              </g>
            </svg>
            Tysk
          </a>
        </div>
        <div
          class="c-folder__subFolders"
        />
        <div
          style="display: none;"
        >
          <button
            class="c-button c-button--stripped"
            type="button"
          >
            <div
              class="c-roundIcon"
            >
              <svg
                fill="currentColor"
                preserveAspectRatio="xMidYMid meet"
                height="1em"
                width="1em"
                class="c-icon"
                viewBox="0 0 24 24"
                data-license="Apache License 2.0"
                data-source="Material Design"
                style="vertical-align: middle;"
              >
                <g>
                  <path
                    d="M3.9 12c0-1.71 1.39-3.1 3.1-3.1h4V7H7c-2.76 0-5 2.24-5 5s2.24 5 5 5h4v-1.9H7c-1.71 0-3.1-1.39-3.1-3.1zM8 13h8v-2H8v2zm9-6h-4v1.9h4c1.71 0 3.1 1.39 3.1 3.1s-1.39 3.1-3.1 3.1h-4V17h4c2.76 0 5-2.24 5-5s-2.24-5-5-5z"
                  />
                </g>
              </svg>
            </div>
          </button>
        </div>
        <div
          class="c-folder__wrapper"
        >
          <a
            class="c-folder__link"
            href="/structure/subject:9"
          >
            <svg
              fill="currentColor"
              preserveAspectRatio="xMidYMid meet"
              height="1em"
              width="1em"
              class="c-icon c-folder__folderIcon"
              viewBox="0 0 14 11"
              data-license="CC-BY 4.0"
              data-source="Knowit"
              style="vertical-align: middle; color: rgb(112, 165, 218);"
            >
              <g>
                <path
                  d="M8.5,1.1h4.4A1.1,1.1,0,0,1,14,2.2V9.9A1.1,1.1,0,0,1,12.9,11H1.1a1,1,0,0,1-1-1.1h0A.9.9,0,0,1,0,9.4V1.6A1.6,1.6,0,0,1,1.6,0H7A1.6,1.6,0,0,1,8.5,1.1Z"
                />
              </g>
            </svg>
            Historie vg2 og vg3
          </a>
        </div>
        <div
          class="c-folder__subFolders"
        />
        <div
          style="display: none;"
        >
          <button
            class="c-button c-button--stripped"
            type="button"
          >
            <div
              class="c-roundIcon"
            >
              <svg
                fill="currentColor"
                preserveAspectRatio="xMidYMid meet"
                height="1em"
                width="1em"
                class="c-icon"
                viewBox="0 0 24 24"
                data-license="Apache License 2.0"
                data-source="Material Design"
                style="vertical-align: middle;"
              >
                <g>
                  <path
                    d="M3.9 12c0-1.71 1.39-3.1 3.1-3.1h4V7H7c-2.76 0-5 2.24-5 5s2.24 5 5 5h4v-1.9H7c-1.71 0-3.1-1.39-3.1-3.1zM8 13h8v-2H8v2zm9-6h-4v1.9h4c1.71 0 3.1 1.39 3.1 3.1s-1.39 3.1-3.1 3.1h-4V17h4c2.76 0 5-2.24 5-5s-2.24-5-5-5z"
                  />
                </g>
              </svg>
            </div>
          </button>
        </div>
        <div
          class="c-folder__wrapper"
        >
          <a
            class="c-folder__link"
            href="/structure/subject:10"
          >
            <svg
              fill="currentColor"
              preserveAspectRatio="xMidYMid meet"
              height="1em"
              width="1em"
              class="c-icon c-folder__folderIcon"
              viewBox="0 0 14 11"
              data-license="CC-BY 4.0"
              data-source="Knowit"
              style="vertical-align: middle; color: rgb(112, 165, 218);"
            >
              <g>
                <path
                  d="M8.5,1.1h4.4A1.1,1.1,0,0,1,14,2.2V9.9A1.1,1.1,0,0,1,12.9,11H1.1a1,1,0,0,1-1-1.1h0A.9.9,0,0,1,0,9.4V1.6A1.6,1.6,0,0,1,1.6,0H7A1.6,1.6,0,0,1,8.5,1.1Z"
                />
              </g>
            </svg>
            Matematikk fellesfag
          </a>
        </div>
        <div
          class="c-folder__subFolders"
        />
        <div
          style="display: none;"
        >
          <button
            class="c-button c-button--stripped"
            type="button"
          >
            <div
              class="c-roundIcon"
            >
              <svg
                fill="currentColor"
                preserveAspectRatio="xMidYMid meet"
                height="1em"
                width="1em"
                class="c-icon"
                viewBox="0 0 24 24"
                data-license="Apache License 2.0"
                data-source="Material Design"
                style="vertical-align: middle;"
              >
                <g>
                  <path
                    d="M3.9 12c0-1.71 1.39-3.1 3.1-3.1h4V7H7c-2.76 0-5 2.24-5 5s2.24 5 5 5h4v-1.9H7c-1.71 0-3.1-1.39-3.1-3.1zM8 13h8v-2H8v2zm9-6h-4v1.9h4c1.71 0 3.1 1.39 3.1 3.1s-1.39 3.1-3.1 3.1h-4V17h4c2.76 0 5-2.24 5-5s-2.24-5-5-5z"
                  />
                </g>
              </svg>
            </div>
          </button>
        </div>
        <div
          class="c-folder__wrapper"
        >
          <a
            class="c-folder__link"
            href="/structure/subject:11"
          >
            <svg
              fill="currentColor"
              preserveAspectRatio="xMidYMid meet"
              height="1em"
              width="1em"
              class="c-icon c-folder__folderIcon"
              viewBox="0 0 14 11"
              data-license="CC-BY 4.0"
              data-source="Knowit"
              style="vertical-align: middle; color: rgb(112, 165, 218);"
            >
              <g>
                <path
                  d="M8.5,1.1h4.4A1.1,1.1,0,0,1,14,2.2V9.9A1.1,1.1,0,0,1,12.9,11H1.1a1,1,0,0,1-1-1.1h0A.9.9,0,0,1,0,9.4V1.6A1.6,1.6,0,0,1,1.6,0H7A1.6,1.6,0,0,1,8.5,1.1Z"
                />
              </g>
            </svg>
            Bygg- og anleggsteknikk
          </a>
        </div>
        <div
          class="c-folder__subFolders"
        />
        <div
          style="display: none;"
        >
          <button
            class="c-button c-button--stripped"
            type="button"
          >
            <div
              class="c-roundIcon"
            >
              <svg
                fill="currentColor"
                preserveAspectRatio="xMidYMid meet"
                height="1em"
                width="1em"
                class="c-icon"
                viewBox="0 0 24 24"
                data-license="Apache License 2.0"
                data-source="Material Design"
                style="vertical-align: middle;"
              >
                <g>
                  <path
                    d="M3.9 12c0-1.71 1.39-3.1 3.1-3.1h4V7H7c-2.76 0-5 2.24-5 5s2.24 5 5 5h4v-1.9H7c-1.71 0-3.1-1.39-3.1-3.1zM8 13h8v-2H8v2zm9-6h-4v1.9h4c1.71 0 3.1 1.39 3.1 3.1s-1.39 3.1-3.1 3.1h-4V17h4c2.76 0 5-2.24 5-5s-2.24-5-5-5z"
                  />
                </g>
              </svg>
            </div>
          </button>
        </div>
        <div
          class="c-folder__wrapper"
        >
          <a
            class="c-folder__link"
            href="/structure/subject:12"
          >
            <svg
              fill="currentColor"
              preserveAspectRatio="xMidYMid meet"
              height="1em"
              width="1em"
              class="c-icon c-folder__folderIcon"
              viewBox="0 0 14 11"
              data-license="CC-BY 4.0"
              data-source="Knowit"
              style="vertical-align: middle; color: rgb(112, 165, 218);"
            >
              <g>
                <path
                  d="M8.5,1.1h4.4A1.1,1.1,0,0,1,14,2.2V9.9A1.1,1.1,0,0,1,12.9,11H1.1a1,1,0,0,1-1-1.1h0A.9.9,0,0,1,0,9.4V1.6A1.6,1.6,0,0,1,1.6,0H7A1.6,1.6,0,0,1,8.5,1.1Z"
                />
              </g>
            </svg>
            Service og samferdsel vg1
          </a>
        </div>
        <div
          class="c-folder__subFolders"
        />
        <div
          style="display: none;"
        >
          <button
            class="c-button c-button--stripped"
            type="button"
          >
            <div
              class="c-roundIcon"
            >
              <svg
                fill="currentColor"
                preserveAspectRatio="xMidYMid meet"
                height="1em"
                width="1em"
                class="c-icon"
                viewBox="0 0 24 24"
                data-license="Apache License 2.0"
                data-source="Material Design"
                style="vertical-align: middle;"
              >
                <g>
                  <path
                    d="M3.9 12c0-1.71 1.39-3.1 3.1-3.1h4V7H7c-2.76 0-5 2.24-5 5s2.24 5 5 5h4v-1.9H7c-1.71 0-3.1-1.39-3.1-3.1zM8 13h8v-2H8v2zm9-6h-4v1.9h4c1.71 0 3.1 1.39 3.1 3.1s-1.39 3.1-3.1 3.1h-4V17h4c2.76 0 5-2.24 5-5s-2.24-5-5-5z"
                  />
                </g>
              </svg>
            </div>
          </button>
        </div>
        <div
          class="c-folder__wrapper"
        >
          <a
            class="c-folder__link"
            href="/structure/subject:13"
          >
            <svg
              fill="currentColor"
              preserveAspectRatio="xMidYMid meet"
              height="1em"
              width="1em"
              class="c-icon c-folder__folderIcon"
              viewBox="0 0 14 11"
              data-license="CC-BY 4.0"
              data-source="Knowit"
              style="vertical-align: middle; color: rgb(112, 165, 218);"
            >
              <g>
                <path
                  d="M8.5,1.1h4.4A1.1,1.1,0,0,1,14,2.2V9.9A1.1,1.1,0,0,1,12.9,11H1.1a1,1,0,0,1-1-1.1h0A.9.9,0,0,1,0,9.4V1.6A1.6,1.6,0,0,1,1.6,0H7A1.6,1.6,0,0,1,8.5,1.1Z"
                />
              </g>
            </svg>
            Naturbruk vg 1
          </a>
        </div>
        <div
          class="c-folder__subFolders"
        />
        <div
          style="display: none;"
        >
          <button
            class="c-button c-button--stripped"
            type="button"
          >
            <div
              class="c-roundIcon"
            >
              <svg
                fill="currentColor"
                preserveAspectRatio="xMidYMid meet"
                height="1em"
                width="1em"
                class="c-icon"
                viewBox="0 0 24 24"
                data-license="Apache License 2.0"
                data-source="Material Design"
                style="vertical-align: middle;"
              >
                <g>
                  <path
                    d="M3.9 12c0-1.71 1.39-3.1 3.1-3.1h4V7H7c-2.76 0-5 2.24-5 5s2.24 5 5 5h4v-1.9H7c-1.71 0-3.1-1.39-3.1-3.1zM8 13h8v-2H8v2zm9-6h-4v1.9h4c1.71 0 3.1 1.39 3.1 3.1s-1.39 3.1-3.1 3.1h-4V17h4c2.76 0 5-2.24 5-5s-2.24-5-5-5z"
                  />
                </g>
              </svg>
            </div>
          </button>
        </div>
        <div
          class="c-folder__wrapper"
        >
          <a
            class="c-folder__link"
            href="/structure/subject:14"
          >
            <svg
              fill="currentColor"
              preserveAspectRatio="xMidYMid meet"
              height="1em"
              width="1em"
              class="c-icon c-folder__folderIcon"
              viewBox="0 0 14 11"
              data-license="CC-BY 4.0"
              data-source="Knowit"
              style="vertical-align: middle; color: rgb(112, 165, 218);"
            >
              <g>
                <path
                  d="M8.5,1.1h4.4A1.1,1.1,0,0,1,14,2.2V9.9A1.1,1.1,0,0,1,12.9,11H1.1a1,1,0,0,1-1-1.1h0A.9.9,0,0,1,0,9.4V1.6A1.6,1.6,0,0,1,1.6,0H7A1.6,1.6,0,0,1,8.5,1.1Z"
                />
              </g>
            </svg>
            Medie- og informasjonskunnskap
          </a>
        </div>
        <div
          class="c-folder__subFolders"
        />
        <div
          style="display: none;"
        >
          <button
            class="c-button c-button--stripped"
            type="button"
          >
            <div
              class="c-roundIcon"
            >
              <svg
                fill="currentColor"
                preserveAspectRatio="xMidYMid meet"
                height="1em"
                width="1em"
                class="c-icon"
                viewBox="0 0 24 24"
                data-license="Apache License 2.0"
                data-source="Material Design"
                style="vertical-align: middle;"
              >
                <g>
                  <path
                    d="M3.9 12c0-1.71 1.39-3.1 3.1-3.1h4V7H7c-2.76 0-5 2.24-5 5s2.24 5 5 5h4v-1.9H7c-1.71 0-3.1-1.39-3.1-3.1zM8 13h8v-2H8v2zm9-6h-4v1.9h4c1.71 0 3.1 1.39 3.1 3.1s-1.39 3.1-3.1 3.1h-4V17h4c2.76 0 5-2.24 5-5s-2.24-5-5-5z"
                  />
                </g>
              </svg>
            </div>
          </button>
        </div>
        <div
          class="c-folder__wrapper"
        >
          <a
            class="c-folder__link"
            href="/structure/subject:15"
          >
            <svg
              fill="currentColor"
              preserveAspectRatio="xMidYMid meet"
              height="1em"
              width="1em"
              class="c-icon c-folder__folderIcon"
              viewBox="0 0 14 11"
              data-license="CC-BY 4.0"
              data-source="Knowit"
              style="vertical-align: middle; color: rgb(112, 165, 218);"
            >
              <g>
                <path
                  d="M8.5,1.1h4.4A1.1,1.1,0,0,1,14,2.2V9.9A1.1,1.1,0,0,1,12.9,11H1.1a1,1,0,0,1-1-1.1h0A.9.9,0,0,1,0,9.4V1.6A1.6,1.6,0,0,1,1.6,0H7A1.6,1.6,0,0,1,8.5,1.1Z"
                />
              </g>
            </svg>
            Sørsamisk vg1 og vg2
          </a>
        </div>
        <div
          class="c-folder__subFolders"
        />
        <div
          style="display: none;"
        >
          <button
            class="c-button c-button--stripped"
            type="button"
          >
            <div
              class="c-roundIcon"
            >
              <svg
                fill="currentColor"
                preserveAspectRatio="xMidYMid meet"
                height="1em"
                width="1em"
                class="c-icon"
                viewBox="0 0 24 24"
                data-license="Apache License 2.0"
                data-source="Material Design"
                style="vertical-align: middle;"
              >
                <g>
                  <path
                    d="M3.9 12c0-1.71 1.39-3.1 3.1-3.1h4V7H7c-2.76 0-5 2.24-5 5s2.24 5 5 5h4v-1.9H7c-1.71 0-3.1-1.39-3.1-3.1zM8 13h8v-2H8v2zm9-6h-4v1.9h4c1.71 0 3.1 1.39 3.1 3.1s-1.39 3.1-3.1 3.1h-4V17h4c2.76 0 5-2.24 5-5s-2.24-5-5-5z"
                  />
                </g>
              </svg>
            </div>
          </button>
        </div>
        <div
          class="c-folder__wrapper"
        >
          <a
            class="c-folder__link"
            href="/structure/subject:16"
          >
            <svg
              fill="currentColor"
              preserveAspectRatio="xMidYMid meet"
              height="1em"
              width="1em"
              class="c-icon c-folder__folderIcon"
              viewBox="0 0 14 11"
              data-license="CC-BY 4.0"
              data-source="Knowit"
              style="vertical-align: middle; color: rgb(112, 165, 218);"
            >
              <g>
                <path
                  d="M8.5,1.1h4.4A1.1,1.1,0,0,1,14,2.2V9.9A1.1,1.1,0,0,1,12.9,11H1.1a1,1,0,0,1-1-1.1h0A.9.9,0,0,1,0,9.4V1.6A1.6,1.6,0,0,1,1.6,0H7A1.6,1.6,0,0,1,8.5,1.1Z"
                />
              </g>
            </svg>
            Elektrofag vg1
          </a>
        </div>
        <div
          class="c-folder__subFolders"
        />
        <div
          style="display: none;"
        >
          <button
            class="c-button c-button--stripped"
            type="button"
          >
            <div
              class="c-roundIcon"
            >
              <svg
                fill="currentColor"
                preserveAspectRatio="xMidYMid meet"
                height="1em"
                width="1em"
                class="c-icon"
                viewBox="0 0 24 24"
                data-license="Apache License 2.0"
                data-source="Material Design"
                style="vertical-align: middle;"
              >
                <g>
                  <path
                    d="M3.9 12c0-1.71 1.39-3.1 3.1-3.1h4V7H7c-2.76 0-5 2.24-5 5s2.24 5 5 5h4v-1.9H7c-1.71 0-3.1-1.39-3.1-3.1zM8 13h8v-2H8v2zm9-6h-4v1.9h4c1.71 0 3.1 1.39 3.1 3.1s-1.39 3.1-3.1 3.1h-4V17h4c2.76 0 5-2.24 5-5s-2.24-5-5-5z"
                  />
                </g>
              </svg>
            </div>
          </button>
        </div>
        <div
          class="c-folder__wrapper"
        >
          <a
            class="c-folder__link"
            href="/structure/subject:17"
          >
            <svg
              fill="currentColor"
              preserveAspectRatio="xMidYMid meet"
              height="1em"
              width="1em"
              class="c-icon c-folder__folderIcon"
              viewBox="0 0 14 11"
              data-license="CC-BY 4.0"
              data-source="Knowit"
              style="vertical-align: middle; color: rgb(112, 165, 218);"
            >
              <g>
                <path
                  d="M8.5,1.1h4.4A1.1,1.1,0,0,1,14,2.2V9.9A1.1,1.1,0,0,1,12.9,11H1.1a1,1,0,0,1-1-1.1h0A.9.9,0,0,1,0,9.4V1.6A1.6,1.6,0,0,1,1.6,0H7A1.6,1.6,0,0,1,8.5,1.1Z"
                />
              </g>
            </svg>
            Engelskspråklig litteratur og kultur
          </a>
        </div>
        <div
          class="c-folder__subFolders"
        />
        <div
          style="display: none;"
        >
          <button
            class="c-button c-button--stripped"
            type="button"
          >
            <div
              class="c-roundIcon"
            >
              <svg
                fill="currentColor"
                preserveAspectRatio="xMidYMid meet"
                height="1em"
                width="1em"
                class="c-icon"
                viewBox="0 0 24 24"
                data-license="Apache License 2.0"
                data-source="Material Design"
                style="vertical-align: middle;"
              >
                <g>
                  <path
                    d="M3.9 12c0-1.71 1.39-3.1 3.1-3.1h4V7H7c-2.76 0-5 2.24-5 5s2.24 5 5 5h4v-1.9H7c-1.71 0-3.1-1.39-3.1-3.1zM8 13h8v-2H8v2zm9-6h-4v1.9h4c1.71 0 3.1 1.39 3.1 3.1s-1.39 3.1-3.1 3.1h-4V17h4c2.76 0 5-2.24 5-5s-2.24-5-5-5z"
                  />
                </g>
              </svg>
            </div>
          </button>
        </div>
        <div
          class="c-folder__wrapper"
        >
          <a
            class="c-folder__link"
            href="/structure/subject:18"
          >
            <svg
              fill="currentColor"
              preserveAspectRatio="xMidYMid meet"
              height="1em"
              width="1em"
              class="c-icon c-folder__folderIcon"
              viewBox="0 0 14 11"
              data-license="CC-BY 4.0"
              data-source="Knowit"
              style="vertical-align: middle; color: rgb(112, 165, 218);"
            >
              <g>
                <path
                  d="M8.5,1.1h4.4A1.1,1.1,0,0,1,14,2.2V9.9A1.1,1.1,0,0,1,12.9,11H1.1a1,1,0,0,1-1-1.1h0A.9.9,0,0,1,0,9.4V1.6A1.6,1.6,0,0,1,1.6,0H7A1.6,1.6,0,0,1,8.5,1.1Z"
                />
              </g>
            </svg>
            Kommunikasjon og kultur 1, 2, 3
          </a>
        </div>
        <div
          class="c-folder__subFolders"
        />
        <div
          style="display: none;"
        >
          <button
            class="c-button c-button--stripped"
            type="button"
          >
            <div
              class="c-roundIcon"
            >
              <svg
                fill="currentColor"
                preserveAspectRatio="xMidYMid meet"
                height="1em"
                width="1em"
                class="c-icon"
                viewBox="0 0 24 24"
                data-license="Apache License 2.0"
                data-source="Material Design"
                style="vertical-align: middle;"
              >
                <g>
                  <path
                    d="M3.9 12c0-1.71 1.39-3.1 3.1-3.1h4V7H7c-2.76 0-5 2.24-5 5s2.24 5 5 5h4v-1.9H7c-1.71 0-3.1-1.39-3.1-3.1zM8 13h8v-2H8v2zm9-6h-4v1.9h4c1.71 0 3.1 1.39 3.1 3.1s-1.39 3.1-3.1 3.1h-4V17h4c2.76 0 5-2.24 5-5s-2.24-5-5-5z"
                  />
                </g>
              </svg>
            </div>
          </button>
        </div>
        <div
          class="c-folder__wrapper"
        >
          <a
            class="c-folder__link"
            href="/structurenull"
          >
            <svg
              fill="currentColor"
              preserveAspectRatio="xMidYMid meet"
              height="1em"
              width="1em"
              class="c-icon c-folder__folderIcon"
              viewBox="0 0 14 11"
              data-license="CC-BY 4.0"
              data-source="Knowit"
              style="vertical-align: middle; color: rgb(112, 165, 218);"
            >
              <g>
                <path
                  d="M8.5,1.1h4.4A1.1,1.1,0,0,1,14,2.2V9.9A1.1,1.1,0,0,1,12.9,11H1.1a1,1,0,0,1-1-1.1h0A.9.9,0,0,1,0,9.4V1.6A1.6,1.6,0,0,1,1.6,0H7A1.6,1.6,0,0,1,8.5,1.1Z"
                />
              </g>
            </svg>
            Matte 101
          </a>
        </div>
        <div
          class="c-folder__subFolders"
        />
        <div
          style="display: none;"
        >
          <button
            class="c-button c-button--stripped"
            type="button"
          >
            <div
              class="c-roundIcon"
            >
              <svg
                fill="currentColor"
                preserveAspectRatio="xMidYMid meet"
                height="1em"
                width="1em"
                class="c-icon"
                viewBox="0 0 24 24"
                data-license="Apache License 2.0"
                data-source="Material Design"
                style="vertical-align: middle;"
              >
                <g>
                  <path
                    d="M3.9 12c0-1.71 1.39-3.1 3.1-3.1h4V7H7c-2.76 0-5 2.24-5 5s2.24 5 5 5h4v-1.9H7c-1.71 0-3.1-1.39-3.1-3.1zM8 13h8v-2H8v2zm9-6h-4v1.9h4c1.71 0 3.1 1.39 3.1 3.1s-1.39 3.1-3.1 3.1h-4V17h4c2.76 0 5-2.24 5-5s-2.24-5-5-5z"
                  />
                </g>
              </svg>
            </div>
          </button>
        </div>
      </div>
    </div>
  </div>
  <div
    style="display: none;"
  >
    <div
      class="c-roundIcon"
    >
      <svg
        fill="currentColor"
        preserveAspectRatio="xMidYMid meet"
        height="1em"
        width="1em"
        class="c-icon"
        viewBox="0 0 24 24"
        data-license="Apache License 2.0"
        data-source="Material Design"
        style="vertical-align: middle;"
      >
        <g>
          <path
            d="M0 0h24v24H0z"
            fill="none"
          />
          <path
            d="M12 17.27L18.18 21l-1.64-7.03L22 9.24l-7.19-.61L12 2 9.19 8.63 2 9.24l5.46 4.73L5.82 21z"
          />
          <path
            d="M0 0h24v24H0z"
            fill="none"
          />
        </g>
      </svg>
    </div>
  </div>
</div>
`;
