// Jest Snapshot v1, https://goo.gl/fbAQLP

exports[`fetches and renders a list of subjects and topics based on pathname 1`] = `
@keyframes animation-0 {
  0% {
    -webkit-transform: rotate(0deg);
    -ms-transform: rotate(0deg);
    transform: rotate(0deg);
  }

  100% {
    -webkit-transform: rotate(360deg);
    -ms-transform: rotate(360deg);
    transform: rotate(360deg);
  }
}

.emotion-6 {
  display: -webkit-box;
  display: -webkit-flex;
  display: -ms-flexbox;
  display: flex;
  position: relative;
  -webkit-box-pack: justify;
  -webkit-justify-content: space-between;
  -ms-flex-pack: justify;
  justify-content: space-between;
  -webkit-align-items: center;
  -webkit-box-align: center;
  -ms-flex-align: center;
  align-items: center;
  width: 100%;
  padding: 0.6rem 0;
}

.emotion-6,
.emotion-6:hover {
  padding: 0;
  color: white;
  height: 50px;
  background: #507aa4;
  border: none;
}

.emotion-0 {
  display: inline-block;
  color: #ffffff;
  background-color: #20588f;
  border: 2px solid #20588f;
  border-radius: 4px;
  padding: 4px 13px;
  outline-width: 0;
  cursor: pointer;
  -webkit-text-decoration: none;
  text-decoration: none;
  font-size: 16px;
  font-size: 0.8888888888888888rem;
  line-height: 1.625;
  font-family: 'Source Sans Pro',Helvetica,Arial,STKaiti,'华文楷体',KaiTi,SimKai,'楷体',KaiU,DFKai-SB,'標楷體',SongTi,'宋体',sans-serif;
  font-weight: 700;
  -webkit-transition: all .2s cubic-bezier(0.17,0.04,0.03,0.94);
  transition: all .2s cubic-bezier(0.17,0.04,0.03,0.94);
  box-shadow: none;
  text-align: center;
  -webkit-transition: background-color none;
  transition: background-color none;
  padding: 0;
  border-radius: 0;
  color: inherit;
  font-size: inherit;
  background-color: transparent;
  box-shadow: none;
  border: none;
  font-weight: 400;
  color: #4d4d4d;
  width: 100%;
  height: 100%;
  text-align: left;
}

.emotion-0:hover,
.emotion-0:focus {
  color: white;
  background-color: #184673;
  border: 2px solid rgba(32,88,143,0);
  -webkit-transform: translateY(1px) translateX(1px);
  -ms-transform: translateY(1px) translateX(1px);
  transform: translateY(1px) translateX(1px);
}

.emotion-0:active {
  -webkit-transform: translateY(2px) translateX(2px);
  -ms-transform: translateY(2px) translateX(2px);
  transform: translateY(2px) translateX(2px);
}

.emotion-0[disabled] {
  color: #777777;
  background-color: #e6e6e6;
  border-color: transparent;
  cursor: not-allowed;
  -webkit-transform: translateY(0) translateX(0);
  -ms-transform: translateY(0) translateX(0);
  transform: translateY(0) translateX(0);
}

.emotion-0:focus {
  box-shadow: 0 0 2px #20588f;
}

.emotion-0:hover,
.emotion-0:active,
.emotion-0:disabled,
.emotion-0:focus {
  box-shadow: none;
  color: #20588f;
  background-color: transparent;
  -webkit-transform: none;
  -ms-transform: none;
  transform: none;
  border: none;
}

.emotion-0:focus {
  outline-width: medium;
}

.emotion-2 {
  display: inline-block;
  color: #ffffff;
  background-color: #20588f;
  border: 2px solid #20588f;
  border-radius: 4px;
  padding: 4px 13px;
  outline-width: 0;
  cursor: pointer;
  -webkit-text-decoration: none;
  text-decoration: none;
  font-size: 16px;
  font-size: 0.8888888888888888rem;
  line-height: 1.625;
  font-family: 'Source Sans Pro',Helvetica,Arial,STKaiti,'华文楷体',KaiTi,SimKai,'楷体',KaiU,DFKai-SB,'標楷體',SongTi,'宋体',sans-serif;
  font-weight: 700;
  -webkit-transition: all .2s cubic-bezier(0.17,0.04,0.03,0.94);
  transition: all .2s cubic-bezier(0.17,0.04,0.03,0.94);
  box-shadow: none;
  text-align: center;
  -webkit-transition: background-color none;
  transition: background-color none;
  padding: 0;
  border-radius: 0;
  color: inherit;
  font-size: inherit;
  background-color: transparent;
  box-shadow: none;
  border: none;
  font-weight: 400;
  height: 50px;
  margin-left: auto;
  padding: 0 13px;
  white-space: nowrap;
  font-size: 1.1rem;
  background: linear-gradient( rgba(226,226,226,0.1),#507aa4 50%,rgba(226,226,226,0.1) 100% );
}

.emotion-2:hover,
.emotion-2:focus {
  color: white;
  background-color: #184673;
  border: 2px solid rgba(32,88,143,0);
  -webkit-transform: translateY(1px) translateX(1px);
  -ms-transform: translateY(1px) translateX(1px);
  transform: translateY(1px) translateX(1px);
}

.emotion-2:active {
  -webkit-transform: translateY(2px) translateX(2px);
  -ms-transform: translateY(2px) translateX(2px);
  transform: translateY(2px) translateX(2px);
}

.emotion-2[disabled] {
  color: #777777;
  background-color: #e6e6e6;
  border-color: transparent;
  cursor: not-allowed;
  -webkit-transform: translateY(0) translateX(0);
  -ms-transform: translateY(0) translateX(0);
  transform: translateY(0) translateX(0);
}

.emotion-2:focus {
  box-shadow: 0 0 2px #20588f;
}

.emotion-2:hover,
.emotion-2:active,
.emotion-2:disabled,
.emotion-2:focus {
  box-shadow: none;
  color: #20588f;
  background-color: transparent;
  -webkit-transform: none;
  -ms-transform: none;
  transform: none;
  border: none;
}

.emotion-2:focus {
  outline-width: medium;
}

.emotion-2:hover {
  color: white;
}

.emotion-4 {
  display: inline-block;
  color: #ffffff;
  background-color: #20588f;
  border: 2px solid #20588f;
  border-radius: 4px;
  padding: 4px 13px;
  outline-width: 0;
  cursor: pointer;
  -webkit-text-decoration: none;
  text-decoration: none;
  font-size: 16px;
  font-size: 0.8888888888888888rem;
  line-height: 1.625;
  font-family: 'Source Sans Pro',Helvetica,Arial,STKaiti,'华文楷体',KaiTi,SimKai,'楷体',KaiU,DFKai-SB,'標楷體',SongTi,'宋体',sans-serif;
  font-weight: 700;
  -webkit-transition: all .2s cubic-bezier(0.17,0.04,0.03,0.94);
  transition: all .2s cubic-bezier(0.17,0.04,0.03,0.94);
  box-shadow: none;
  text-align: center;
  -webkit-transition: background-color none;
  transition: background-color none;
  padding: 0;
  border-radius: 0;
  color: inherit;
  font-size: inherit;
  background-color: transparent;
  box-shadow: none;
  border: none;
  font-weight: 400;
  color: #4d4d4d;
  width: 100%;
  height: 100%;
  text-align: left;
  min-width: 50px;
  width: 50px;
}

.emotion-4:hover,
.emotion-4:focus {
  color: white;
  background-color: #184673;
  border: 2px solid rgba(32,88,143,0);
  -webkit-transform: translateY(1px) translateX(1px);
  -ms-transform: translateY(1px) translateX(1px);
  transform: translateY(1px) translateX(1px);
}

.emotion-4:active {
  -webkit-transform: translateY(2px) translateX(2px);
  -ms-transform: translateY(2px) translateX(2px);
  transform: translateY(2px) translateX(2px);
}

.emotion-4[disabled] {
  color: #777777;
  background-color: #e6e6e6;
  border-color: transparent;
  cursor: not-allowed;
  -webkit-transform: translateY(0) translateX(0);
  -ms-transform: translateY(0) translateX(0);
  transform: translateY(0) translateX(0);
}

.emotion-4:focus {
  box-shadow: 0 0 2px #20588f;
}

.emotion-4:hover,
.emotion-4:active,
.emotion-4:disabled,
.emotion-4:focus {
  box-shadow: none;
  color: #20588f;
  background-color: transparent;
  -webkit-transform: none;
  -ms-transform: none;
  transform: none;
  border: none;
}

.emotion-4:focus {
  outline-width: medium;
}

.emotion-175 {
  margin: 0;
  padding: 0;
}

.emotion-483 {
  border: 0.4em solid #e8e3e3;
  border-bottom-color: #20588f;
  border-radius: 50%;
  margin: 0 auto;
  width: 3em;
  height: 3em;
  -webkit-animation: animation-0 0.7s linear infinite;
  animation: animation-0 0.7s linear infinite;
}

.emotion-15 {
  margin: 0;
  padding: 0;
  display: -webkit-box;
  display: -webkit-flex;
  display: -ms-flexbox;
  display: flex;
  -webkit-flex-direction: column;
  -ms-flex-direction: column;
  flex-direction: column;
}

.emotion-15 > ul {
  display: none;
}

.emotion-15 > div > button {
  color: rgb(32,88,143,0.5);
}

.emotion-13 {
  display: -webkit-box;
  display: -webkit-flex;
  display: -ms-flexbox;
  display: flex;
  -webkit-box-pack: justify;
  -webkit-justify-content: space-between;
  -ms-flex-pack: justify;
  justify-content: space-between;
  padding: 0 13px 0 calc( * 17px + 13px);
  height: 40px;
  border-bottom: 1px solid #eff0f2;
}

.emotion-13:hover {
  background: #f1f5f8;
}

.emotion-7 {
  font-size: 16;
  font-size: 0.8888888888888888rem;
  line-height: 1;
  font-weight: 600;
  border: 0;
  background: 0;
  color: #20588f;
  display: -webkit-box;
  display: -webkit-flex;
  display: -ms-flexbox;
  display: flex;
  -webkit-align-items: center;
  -webkit-box-align: center;
  -ms-flex-align: center;
  align-items: center;
  text-align: left;
  white-space: nowrap;
  cursor: pointer;
}

.emotion-7:before {
  content: '';
  display: block;
  width: 0;
  height: 0;
  border-top: 6px solid transparent;
  border-bottom: 6px solid transparent;
  border-left: 9px solid #444;
  margin-right: 6.5px;
}

.emotion-7:before {
  -webkit-transition: -webkit-transform 200ms ease;
  -webkit-transition: transform 200ms ease;
  transition: transform 200ms ease;
  -webkit-transform: rotate( 0deg );
  -ms-transform: rotate( 0deg );
  transform: rotate( 0deg );
}

.emotion-11 {
  display: inline-block;
  color: #ffffff;
  background-color: #20588f;
  border: 2px solid #20588f;
  border-radius: 4px;
  padding: 4px 13px;
  outline-width: 0;
  cursor: pointer;
  -webkit-text-decoration: none;
  text-decoration: none;
  font-size: 16px;
  font-size: 0.8888888888888888rem;
  line-height: 1.625;
  font-family: 'Source Sans Pro',Helvetica,Arial,STKaiti,'华文楷体',KaiTi,SimKai,'楷体',KaiU,DFKai-SB,'標楷體',SongTi,'宋体',sans-serif;
  font-weight: 700;
  -webkit-transition: all .2s cubic-bezier(0.17,0.04,0.03,0.94);
  transition: all .2s cubic-bezier(0.17,0.04,0.03,0.94);
  box-shadow: none;
  text-align: center;
  -webkit-transition: background-color none;
  transition: background-color none;
  padding: 0;
  border-radius: 0;
  color: inherit;
  font-size: inherit;
  background-color: transparent;
  box-shadow: none;
  border: none;
  font-weight: 400;
}

.emotion-11:hover,
.emotion-11:focus {
  color: white;
  background-color: #184673;
  border: 2px solid rgba(32,88,143,0);
  -webkit-transform: translateY(1px) translateX(1px);
  -ms-transform: translateY(1px) translateX(1px);
  transform: translateY(1px) translateX(1px);
}

.emotion-11:active {
  -webkit-transform: translateY(2px) translateX(2px);
  -ms-transform: translateY(2px) translateX(2px);
  transform: translateY(2px) translateX(2px);
}

.emotion-11[disabled] {
  color: #777777;
  background-color: #e6e6e6;
  border-color: transparent;
  cursor: not-allowed;
  -webkit-transform: translateY(0) translateX(0);
  -ms-transform: translateY(0) translateX(0);
  transform: translateY(0) translateX(0);
}

.emotion-11:focus {
  box-shadow: 0 0 2px #20588f;
}

.emotion-11:hover,
.emotion-11:active,
.emotion-11:disabled,
.emotion-11:focus {
  box-shadow: none;
  color: #20588f;
  background-color: transparent;
  -webkit-transform: none;
  -ms-transform: none;
  transform: none;
  border: none;
}

.emotion-11:focus {
  outline-width: medium;
}

.emotion-9 {
  display: -webkit-box;
  display: -webkit-flex;
  display: -ms-flexbox;
  display: flex;
  -webkit-align-items: center;
  -webkit-box-align: center;
  -ms-flex-align: center;
  align-items: center;
  -webkit-box-pack: center;
  -webkit-justify-content: center;
  -ms-flex-pack: center;
  justify-content: center;
  height: 28px;
  width: 28px;
  border-radius: 50%;
  border: 1px solid;
  line-height: normal;
  background-color: white;
}

.emotion-9 > svg {
  height: 20px;
  width: 20px;
}

.emotion-9:hover,
.emotion-9:focus {
  background-color: #4d4d4d;
  color: #f8f8f8;
}

.emotion-265 {
  margin: 0;
  padding: 0;
  display: -webkit-box;
  display: -webkit-flex;
  display: -ms-flexbox;
  display: flex;
  -webkit-flex-direction: column;
  -ms-flex-direction: column;
  flex-direction: column;
}

.emotion-265 > ul {
  display: none;
}

.emotion-265 > ul {
  display: block;
}

.emotion-117 {
  font-size: 16;
  font-size: 0.8888888888888888rem;
  line-height: 1;
  font-weight: 600;
  border: 0;
  background: 0;
  color: #20588f;
  display: -webkit-box;
  display: -webkit-flex;
  display: -ms-flexbox;
  display: flex;
  -webkit-align-items: center;
  -webkit-box-align: center;
  -ms-flex-align: center;
  align-items: center;
  text-align: left;
  white-space: nowrap;
  cursor: pointer;
}

.emotion-117:before {
  content: '';
  display: block;
  width: 0;
  height: 0;
  border-top: 6px solid transparent;
  border-bottom: 6px solid transparent;
  border-left: 9px solid #444;
  margin-right: 6.5px;
}

.emotion-117:before {
  -webkit-transition: -webkit-transform 200ms ease;
  -webkit-transition: transform 200ms ease;
  transition: transform 200ms ease;
  -webkit-transform: rotate( 90deg );
  -ms-transform: rotate( 90deg );
  transform: rotate( 90deg );
}

.emotion-123 {
  position: relative;
  display: -webkit-box;
  display: -webkit-flex;
  display: -ms-flexbox;
  display: flex;
}

.emotion-123 > button {
  outline: none;
}

.emotion-119 {
  display: -webkit-box;
  display: -webkit-flex;
  display: -ms-flexbox;
  display: flex;
  -webkit-align-items: center;
  -webkit-box-align: center;
  -ms-flex-align: center;
  align-items: center;
  -webkit-box-pack: center;
  -webkit-justify-content: center;
  -ms-flex-pack: center;
  justify-content: center;
  height: 28px;
  width: 28px;
  border-radius: 50%;
  border: 1px solid;
  line-height: normal;
  background-color: white;
  margin: 0 calc(13px / 2);
}

.emotion-119 > svg {
  height: 20px;
  width: 20px;
}

.emotion-119:hover,
.emotion-119:focus {
  background-color: #4d4d4d;
  color: #f8f8f8;
}

.emotion-127 {
  display: -webkit-box;
  display: -webkit-flex;
  display: -ms-flexbox;
  display: flex;
  margin-left: auto;
}

.emotion-125 {
  font-size: 16;
  font-size: 0.8888888888888888rem;
  line-height: 1.2 font-weight:600;
  text-transform: uppercase;
  color: #444;
  opacity: 1;
  display: -webkit-box;
  display: -webkit-flex;
  display: -ms-flexbox;
  display: flex;
  -webkit-align-items: center;
  -webkit-box-align: center;
  -ms-flex-align: center;
  align-items: center;
  padding-right: 13px;
  white-space: nowrap;
}

.emotion-139 {
  margin: 0;
  padding: 0;
  display: -webkit-box;
  display: -webkit-flex;
  display: -ms-flexbox;
  display: flex;
  -webkit-flex-direction: column;
  -ms-flex-direction: column;
  flex-direction: column;
}

.emotion-139 > ul {
  display: none;
}

.emotion-135 {
  font-size: 16;
  font-size: 0.8888888888888888rem;
  line-height: 1;
  font-weight: 600;
  border: 0;
  background: 0;
  color: #20588f;
  display: -webkit-box;
  display: -webkit-flex;
  display: -ms-flexbox;
  display: flex;
  -webkit-align-items: center;
  -webkit-box-align: center;
  -ms-flex-align: center;
  align-items: center;
  text-align: left;
  white-space: nowrap;
  cursor: pointer;
}

.emotion-135:before {
  content: '';
  display: block;
  width: 8px;
  height: 8px;
  border-bottom: 2px solid #ceddea;
  border-left: 2px solid #ceddea;
  border-bottom-left-radius: 2px;
  margin-right: 6.5px;
  margin-left: 7px;
}

.emotion-135:before {
  -webkit-transition: -webkit-transform 200ms ease;
  -webkit-transition: transform 200ms ease;
  transition: transform 200ms ease;
  -webkit-transform: rotate( deg );
  -ms-transform: rotate( deg );
  transform: rotate( deg );
}

.emotion-255 {
  margin: 0;
  padding: 0;
  display: -webkit-box;
  display: -webkit-flex;
  display: -ms-flexbox;
  display: flex;
  -webkit-flex-direction: column;
  -ms-flex-direction: column;
  flex-direction: column;
}

.emotion-255 > ul {
  display: none;
}

.emotion-255 > ul {
  display: block;
}

.emotion-255 > div {
  background: #ceddea;
}

<div
  class="o-wrapper undefined"
>
  <div
    class="c-accordion c-accordion--taxonomy"
  >
    <div
      class="emotion-6"
    >
      <button
        class="emotion-0 emotion-1"
        type="button"
      >
        <span
          class="c-accordion__title c-accordion__title--taxonomy"
        >
          <svg
            class="c-icon c-icon--medium"
            data-license="CC-BY 4.0"
            data-source="Knowit"
            fill="currentColor"
            height="1em"
            preserveAspectRatio="xMidYMid meet"
            style="vertical-align: middle;"
            viewBox="0 0 60 44"
            width="1em"
          >
            <title>
              Taxonomy
            </title>
            <g>
              <path
                d="M58,29H53V24a2.9,2.9,0,0,0-3-3H31.5V15H36a2,2,0,0,0,2-2V2a2,2,0,0,0-2-2H24a2,2,0,0,0-2,2V13a2,2,0,0,0,2,2h5.5v6H10a2.9,2.9,0,0,0-3,3v5H2a2,2,0,0,0-2,2V42a2,2,0,0,0,2,2H14a2,2,0,0,0,2-2V31a2,2,0,0,0-2-2H9V24a.9.9,0,0,1,1-1H29.5v6H24a2,2,0,0,0-2,2V42a2,2,0,0,0,2,2H36a2,2,0,0,0,2-2V31a2,2,0,0,0-2-2H31.5V23H50a.9.9,0,0,1,1,1v5H46a2,2,0,0,0-2,2V42a2,2,0,0,0,2,2H58a2,2,0,0,0,2-2V31A2,2,0,0,0,58,29ZM24,2H36V13H24ZM14,42H2V31H14ZM36,31V42H24V31H36ZM58,42H46V31H58Z"
              />
            </g>
          </svg>
          injected
        </span>
      </button>
      <button
        class="emotion-2 emotion-1"
        data-testid="AddSubjectButton"
        type="button"
      >
        <svg
          class="c-icon"
          data-license="Apache License 2.0"
          data-source="Material Design"
          fill="currentColor"
          height="1em"
          preserveAspectRatio="xMidYMid meet"
          style="vertical-align: middle;"
          viewBox="0 0 24 24"
          width="1em"
        >
          <title>
            Plus
          </title>
          <g>
            <path
              d="M19 13h-6v6h-2v-6H5v-2h6V5h2v6h6v2z"
            />
            <path
              d="M0 0h24v24H0z"
              fill="none"
            />
          </g>
        </svg>
        injected
      </button>
      <button
        class="emotion-4 emotion-1"
        type="button"
      >
        <svg
          class="c-icon c-accordion__arrow c-accordion__arrow--taxonomy"
          data-license="Apache License 2.0"
          data-source="Material Design"
          fill="currentColor"
          height="1em"
          preserveAspectRatio="xMidYMid meet"
          style="vertical-align: middle;"
          viewBox="0 0 24 24"
          width="1em"
        >
          <title>
            ExpandLess
          </title>
          <g>
            <path
              d="M12 8l-6 6 1.41 1.41L12 10.83l4.59 4.58L18 14z"
            />
          </g>
        </svg>
      </button>
    </div>
    <div
      class="c-accordion__content c-accordion__content--visible c-accordion__content--taxonomy"
    >
      <div
        id="plumbContainer"
      >
        <ul
          class="emotion-175 emotion-176"
        >
          <li
            class="emotion-15 emotion-16"
          >
            <div
              class="emotion-13 emotion-14"
            >
              <button
                class="emotion-7 emotion-8"
                id="urn:subject:6"
                type="button"
              >
                Brønnteknikk
              </button>
              <div
                class="c-folder__wrapper"
                data-cy="folderWrapper"
              >
                <div
                  style="display: none;"
                >
                  <button
                    class="emotion-11 emotion-1"
                    type="button"
                  >
                    <div
                      class="emotion-9 emotion-10"
                    >
                      <svg
                        class="c-icon"
                        data-license="Apache License 2.0"
                        data-source="Material Design"
                        fill="currentColor"
                        height="1em"
                        preserveAspectRatio="xMidYMid meet"
                        style="vertical-align: middle;"
                        viewBox="0 0 24 24"
                        width="1em"
                      >
                        <title>
                          Link
                        </title>
                        <g>
                          <path
                            d="M3.9 12c0-1.71 1.39-3.1 3.1-3.1h4V7H7c-2.76 0-5 2.24-5 5s2.24 5 5 5h4v-1.9H7c-1.71 0-3.1-1.39-3.1-3.1zM8 13h8v-2H8v2zm9-6h-4v1.9h4c1.71 0 3.1 1.39 3.1 3.1s-1.39 3.1-3.1 3.1h-4V17h4c2.76 0 5-2.24 5-5s-2.24-5-5-5z"
                          />
                        </g>
                      </svg>
                    </div>
                  </button>
                </div>
              </div>
            </div>
          </li>
          <li
            class="emotion-15 emotion-16"
          >
            <div
              class="emotion-13 emotion-14"
            >
              <button
                class="emotion-7 emotion-8"
                id="urn:subject:11"
                type="button"
              >
                Bygg- og anleggsteknikk
              </button>
              <div
                class="c-folder__wrapper"
                data-cy="folderWrapper"
              >
                <div
                  style="display: none;"
                >
                  <button
                    class="emotion-11 emotion-1"
                    type="button"
                  >
                    <div
                      class="emotion-9 emotion-10"
                    >
                      <svg
                        class="c-icon"
                        data-license="Apache License 2.0"
                        data-source="Material Design"
                        fill="currentColor"
                        height="1em"
                        preserveAspectRatio="xMidYMid meet"
                        style="vertical-align: middle;"
                        viewBox="0 0 24 24"
                        width="1em"
                      >
                        <title>
                          Link
                        </title>
                        <g>
                          <path
                            d="M3.9 12c0-1.71 1.39-3.1 3.1-3.1h4V7H7c-2.76 0-5 2.24-5 5s2.24 5 5 5h4v-1.9H7c-1.71 0-3.1-1.39-3.1-3.1zM8 13h8v-2H8v2zm9-6h-4v1.9h4c1.71 0 3.1 1.39 3.1 3.1s-1.39 3.1-3.1 3.1h-4V17h4c2.76 0 5-2.24 5-5s-2.24-5-5-5z"
                          />
                        </g>
                      </svg>
                    </div>
                  </button>
                </div>
              </div>
            </div>
          </li>
          <li
            class="emotion-15 emotion-16"
          >
            <div
              class="emotion-13 emotion-14"
            >
              <button
                class="emotion-7 emotion-8"
                id="urn:subject:16"
                type="button"
              >
                Elektrofag vg1
              </button>
              <div
                class="c-folder__wrapper"
                data-cy="folderWrapper"
              >
                <div
                  style="display: none;"
                >
                  <button
                    class="emotion-11 emotion-1"
                    type="button"
                  >
                    <div
                      class="emotion-9 emotion-10"
                    >
                      <svg
                        class="c-icon"
                        data-license="Apache License 2.0"
                        data-source="Material Design"
                        fill="currentColor"
                        height="1em"
                        preserveAspectRatio="xMidYMid meet"
                        style="vertical-align: middle;"
                        viewBox="0 0 24 24"
                        width="1em"
                      >
                        <title>
                          Link
                        </title>
                        <g>
                          <path
                            d="M3.9 12c0-1.71 1.39-3.1 3.1-3.1h4V7H7c-2.76 0-5 2.24-5 5s2.24 5 5 5h4v-1.9H7c-1.71 0-3.1-1.39-3.1-3.1zM8 13h8v-2H8v2zm9-6h-4v1.9h4c1.71 0 3.1 1.39 3.1 3.1s-1.39 3.1-3.1 3.1h-4V17h4c2.76 0 5-2.24 5-5s-2.24-5-5-5z"
                          />
                        </g>
                      </svg>
                    </div>
                  </button>
                </div>
              </div>
            </div>
          </li>
          <li
            class="emotion-15 emotion-16"
          >
            <div
              class="emotion-13 emotion-14"
            >
              <button
                class="emotion-7 emotion-8"
                id="urn:subject:17"
                type="button"
              >
                Engelskspråklig litteratur og kultur
              </button>
              <div
                class="c-folder__wrapper"
                data-cy="folderWrapper"
              >
                <div
                  style="display: none;"
                >
                  <button
                    class="emotion-11 emotion-1"
                    type="button"
                  >
                    <div
                      class="emotion-9 emotion-10"
                    >
                      <svg
                        class="c-icon"
                        data-license="Apache License 2.0"
                        data-source="Material Design"
                        fill="currentColor"
                        height="1em"
                        preserveAspectRatio="xMidYMid meet"
                        style="vertical-align: middle;"
                        viewBox="0 0 24 24"
                        width="1em"
                      >
                        <title>
                          Link
                        </title>
                        <g>
                          <path
                            d="M3.9 12c0-1.71 1.39-3.1 3.1-3.1h4V7H7c-2.76 0-5 2.24-5 5s2.24 5 5 5h4v-1.9H7c-1.71 0-3.1-1.39-3.1-3.1zM8 13h8v-2H8v2zm9-6h-4v1.9h4c1.71 0 3.1 1.39 3.1 3.1s-1.39 3.1-3.1 3.1h-4V17h4c2.76 0 5-2.24 5-5s-2.24-5-5-5z"
                          />
                        </g>
                      </svg>
                    </div>
                  </button>
                </div>
              </div>
            </div>
          </li>
          <li
            class="emotion-15 emotion-16"
          >
            <div
              class="emotion-13 emotion-14"
            >
              <button
                class="emotion-7 emotion-8"
                id="urn:subject:9"
                type="button"
              >
                Historie vg2 og vg3
              </button>
              <div
                class="c-folder__wrapper"
                data-cy="folderWrapper"
              >
                <div
                  style="display: none;"
                >
                  <button
                    class="emotion-11 emotion-1"
                    type="button"
                  >
                    <div
                      class="emotion-9 emotion-10"
                    >
                      <svg
                        class="c-icon"
                        data-license="Apache License 2.0"
                        data-source="Material Design"
                        fill="currentColor"
                        height="1em"
                        preserveAspectRatio="xMidYMid meet"
                        style="vertical-align: middle;"
                        viewBox="0 0 24 24"
                        width="1em"
                      >
                        <title>
                          Link
                        </title>
                        <g>
                          <path
                            d="M3.9 12c0-1.71 1.39-3.1 3.1-3.1h4V7H7c-2.76 0-5 2.24-5 5s2.24 5 5 5h4v-1.9H7c-1.71 0-3.1-1.39-3.1-3.1zM8 13h8v-2H8v2zm9-6h-4v1.9h4c1.71 0 3.1 1.39 3.1 3.1s-1.39 3.1-3.1 3.1h-4V17h4c2.76 0 5-2.24 5-5s-2.24-5-5-5z"
                          />
                        </g>
                      </svg>
                    </div>
                  </button>
                </div>
              </div>
            </div>
          </li>
          <li
            class="emotion-15 emotion-16"
          >
            <div
              class="emotion-13 emotion-14"
            >
              <button
                class="emotion-7 emotion-8"
                id="urn:subject:2"
                type="button"
              >
                Kinesisk
              </button>
              <div
                class="c-folder__wrapper"
                data-cy="folderWrapper"
              >
                <div
                  style="display: none;"
                >
                  <button
                    class="emotion-11 emotion-1"
                    type="button"
                  >
                    <div
                      class="emotion-9 emotion-10"
                    >
                      <svg
                        class="c-icon"
                        data-license="Apache License 2.0"
                        data-source="Material Design"
                        fill="currentColor"
                        height="1em"
                        preserveAspectRatio="xMidYMid meet"
                        style="vertical-align: middle;"
                        viewBox="0 0 24 24"
                        width="1em"
                      >
                        <title>
                          Link
                        </title>
                        <g>
                          <path
                            d="M3.9 12c0-1.71 1.39-3.1 3.1-3.1h4V7H7c-2.76 0-5 2.24-5 5s2.24 5 5 5h4v-1.9H7c-1.71 0-3.1-1.39-3.1-3.1zM8 13h8v-2H8v2zm9-6h-4v1.9h4c1.71 0 3.1 1.39 3.1 3.1s-1.39 3.1-3.1 3.1h-4V17h4c2.76 0 5-2.24 5-5s-2.24-5-5-5z"
                          />
                        </g>
                      </svg>
                    </div>
                  </button>
                </div>
              </div>
            </div>
          </li>
          <li
            class="emotion-15 emotion-16"
          >
            <div
              class="emotion-13 emotion-14"
            >
              <button
                class="emotion-7 emotion-8"
                id="urn:subject:18"
                type="button"
              >
                Kommunikasjon og kultur 1, 2, 3
              </button>
              <div
                class="c-folder__wrapper"
                data-cy="folderWrapper"
              >
                <div
                  style="display: none;"
                >
                  <button
                    class="emotion-11 emotion-1"
                    type="button"
                  >
                    <div
                      class="emotion-9 emotion-10"
                    >
                      <svg
                        class="c-icon"
                        data-license="Apache License 2.0"
                        data-source="Material Design"
                        fill="currentColor"
                        height="1em"
                        preserveAspectRatio="xMidYMid meet"
                        style="vertical-align: middle;"
                        viewBox="0 0 24 24"
                        width="1em"
                      >
                        <title>
                          Link
                        </title>
                        <g>
                          <path
                            d="M3.9 12c0-1.71 1.39-3.1 3.1-3.1h4V7H7c-2.76 0-5 2.24-5 5s2.24 5 5 5h4v-1.9H7c-1.71 0-3.1-1.39-3.1-3.1zM8 13h8v-2H8v2zm9-6h-4v1.9h4c1.71 0 3.1 1.39 3.1 3.1s-1.39 3.1-3.1 3.1h-4V17h4c2.76 0 5-2.24 5-5s-2.24-5-5-5z"
                          />
                        </g>
                      </svg>
                    </div>
                  </button>
                </div>
              </div>
            </div>
          </li>
          <li
            class="emotion-15 emotion-16"
          >
            <div
              class="emotion-13 emotion-14"
            >
              <button
                class="emotion-7 emotion-8"
                id="urn:subject:7"
                type="button"
              >
                Markedsføring og ledelse 1
              </button>
              <div
                class="c-folder__wrapper"
                data-cy="folderWrapper"
              >
                <div
                  style="display: none;"
                >
                  <button
                    class="emotion-11 emotion-1"
                    type="button"
                  >
                    <div
                      class="emotion-9 emotion-10"
                    >
                      <svg
                        class="c-icon"
                        data-license="Apache License 2.0"
                        data-source="Material Design"
                        fill="currentColor"
                        height="1em"
                        preserveAspectRatio="xMidYMid meet"
                        style="vertical-align: middle;"
                        viewBox="0 0 24 24"
                        width="1em"
                      >
                        <title>
                          Link
                        </title>
                        <g>
                          <path
                            d="M3.9 12c0-1.71 1.39-3.1 3.1-3.1h4V7H7c-2.76 0-5 2.24-5 5s2.24 5 5 5h4v-1.9H7c-1.71 0-3.1-1.39-3.1-3.1zM8 13h8v-2H8v2zm9-6h-4v1.9h4c1.71 0 3.1 1.39 3.1 3.1s-1.39 3.1-3.1 3.1h-4V17h4c2.76 0 5-2.24 5-5s-2.24-5-5-5z"
                          />
                        </g>
                      </svg>
                    </div>
                  </button>
                </div>
              </div>
            </div>
          </li>
          <li
            class="emotion-15 emotion-16"
          >
            <div
              class="emotion-13 emotion-14"
            >
              <button
                class="emotion-7 emotion-8"
                id="urn:subject:10"
                type="button"
              >
                Matematikk fellesfag
              </button>
              <div
                class="c-folder__wrapper"
                data-cy="folderWrapper"
              >
                <div
                  style="display: none;"
                >
                  <button
                    class="emotion-11 emotion-1"
                    type="button"
                  >
                    <div
                      class="emotion-9 emotion-10"
                    >
                      <svg
                        class="c-icon"
                        data-license="Apache License 2.0"
                        data-source="Material Design"
                        fill="currentColor"
                        height="1em"
                        preserveAspectRatio="xMidYMid meet"
                        style="vertical-align: middle;"
                        viewBox="0 0 24 24"
                        width="1em"
                      >
                        <title>
                          Link
                        </title>
                        <g>
                          <path
                            d="M3.9 12c0-1.71 1.39-3.1 3.1-3.1h4V7H7c-2.76 0-5 2.24-5 5s2.24 5 5 5h4v-1.9H7c-1.71 0-3.1-1.39-3.1-3.1zM8 13h8v-2H8v2zm9-6h-4v1.9h4c1.71 0 3.1 1.39 3.1 3.1s-1.39 3.1-3.1 3.1h-4V17h4c2.76 0 5-2.24 5-5s-2.24-5-5-5z"
                          />
                        </g>
                      </svg>
                    </div>
                  </button>
                </div>
              </div>
            </div>
          </li>
          <li
            class="emotion-15 emotion-16"
          >
            <div
              class="emotion-13 emotion-14"
            >
              <button
                class="emotion-7 emotion-8"
                id="urn:subject:218c9882-5f4f-484d-848b-119fb97d7766"
                type="button"
              >
                Matte 101
              </button>
              <div
                class="c-folder__wrapper"
                data-cy="folderWrapper"
              >
                <div
                  style="display: none;"
                >
                  <button
                    class="emotion-11 emotion-1"
                    type="button"
                  >
                    <div
                      class="emotion-9 emotion-10"
                    >
                      <svg
                        class="c-icon"
                        data-license="Apache License 2.0"
                        data-source="Material Design"
                        fill="currentColor"
                        height="1em"
                        preserveAspectRatio="xMidYMid meet"
                        style="vertical-align: middle;"
                        viewBox="0 0 24 24"
                        width="1em"
                      >
                        <title>
                          Link
                        </title>
                        <g>
                          <path
                            d="M3.9 12c0-1.71 1.39-3.1 3.1-3.1h4V7H7c-2.76 0-5 2.24-5 5s2.24 5 5 5h4v-1.9H7c-1.71 0-3.1-1.39-3.1-3.1zM8 13h8v-2H8v2zm9-6h-4v1.9h4c1.71 0 3.1 1.39 3.1 3.1s-1.39 3.1-3.1 3.1h-4V17h4c2.76 0 5-2.24 5-5s-2.24-5-5-5z"
                          />
                        </g>
                      </svg>
                    </div>
                  </button>
                </div>
              </div>
            </div>
          </li>
          <li
            class="emotion-15 emotion-16"
          >
            <div
              class="emotion-13 emotion-14"
            >
              <button
                class="emotion-7 emotion-8"
                id="urn:subject:14"
                type="button"
              >
                Medie- og informasjonskunnskap
              </button>
              <div
                class="c-folder__wrapper"
                data-cy="folderWrapper"
              >
                <div
                  style="display: none;"
                >
                  <button
                    class="emotion-11 emotion-1"
                    type="button"
                  >
                    <div
                      class="emotion-9 emotion-10"
                    >
                      <svg
                        class="c-icon"
                        data-license="Apache License 2.0"
                        data-source="Material Design"
                        fill="currentColor"
                        height="1em"
                        preserveAspectRatio="xMidYMid meet"
                        style="vertical-align: middle;"
                        viewBox="0 0 24 24"
                        width="1em"
                      >
                        <title>
                          Link
                        </title>
                        <g>
                          <path
                            d="M3.9 12c0-1.71 1.39-3.1 3.1-3.1h4V7H7c-2.76 0-5 2.24-5 5s2.24 5 5 5h4v-1.9H7c-1.71 0-3.1-1.39-3.1-3.1zM8 13h8v-2H8v2zm9-6h-4v1.9h4c1.71 0 3.1 1.39 3.1 3.1s-1.39 3.1-3.1 3.1h-4V17h4c2.76 0 5-2.24 5-5s-2.24-5-5-5z"
                          />
                        </g>
                      </svg>
                    </div>
                  </button>
                </div>
              </div>
            </div>
          </li>
          <li
            class="emotion-265 emotion-16"
          >
            <div
              class="emotion-13 emotion-14"
            >
              <button
                class="emotion-117 emotion-8"
                id="urn:subject:1"
                type="button"
              >
                Medieuttrykk og mediesamfunnet
              </button>
              <div
                class="c-folder__wrapper"
                data-cy="folderWrapper"
              >
                <div
                  class="emotion-123 emotion-124"
                >
                  <button
                    class="emotion-11 emotion-1"
                    data-cy="settings-button-subject"
                    type="button"
                  >
                    <div
                      class="emotion-119 emotion-10"
                    >
                      <svg
                        class="c-icon"
                        data-license="Apache License 2.0"
                        data-source="Material Design"
                        fill="currentColor"
                        height="1em"
                        preserveAspectRatio="xMidYMid meet"
                        style="vertical-align: middle;"
                        viewBox="0 0 24 24"
                        width="1em"
                      >
                        <title>
                          Settings
                        </title>
                        <g>
                          <path
                            d="M0 0h24v24H0z"
                            fill="none"
                          />
                          <path
                            d="M19.43 12.98c.04-.32.07-.64.07-.98s-.03-.66-.07-.98l2.11-1.65c.19-.15.24-.42.12-.64l-2-3.46c-.12-.22-.39-.3-.61-.22l-2.49 1c-.52-.4-1.08-.73-1.69-.98l-.38-2.65C14.46 2.18 14.25 2 14 2h-4c-.25 0-.46.18-.49.42l-.38 2.65c-.61.25-1.17.59-1.69.98l-2.49-1c-.23-.09-.49 0-.61.22l-2 3.46c-.13.22-.07.49.12.64l2.11 1.65c-.04.32-.07.65-.07.98s.03.66.07.98l-2.11 1.65c-.19.15-.24.42-.12.64l2 3.46c.12.22.39.3.61.22l2.49-1c.52.4 1.08.73 1.69.98l.38 2.65c.03.24.24.42.49.42h4c.25 0 .46-.18.49-.42l.38-2.65c.61-.25 1.17-.59 1.69-.98l2.49 1c.23.09.49 0 .61-.22l2-3.46c.12-.22.07-.49-.12-.64l-2.11-1.65zM12 15.5c-1.93 0-3.5-1.57-3.5-3.5s1.57-3.5 3.5-3.5 3.5 1.57 3.5 3.5-1.57 3.5-3.5 3.5z"
                          />
                        </g>
                      </svg>
                    </div>
                  </button>
                </div>
                <div
                  class="emotion-127 emotion-128"
                >
                  <span
                    class="emotion-125 emotion-126"
                  >
                    Filtrer emner
                    :
                  </span>
                </div>
                <div
                  style="display: none;"
                >
                  <button
                    class="emotion-11 emotion-1"
                    type="button"
                  >
                    <div
                      class="emotion-9 emotion-10"
                    >
                      <svg
                        class="c-icon"
                        data-license="Apache License 2.0"
                        data-source="Material Design"
                        fill="currentColor"
                        height="1em"
                        preserveAspectRatio="xMidYMid meet"
                        style="vertical-align: middle;"
                        viewBox="0 0 24 24"
                        width="1em"
                      >
                        <title>
                          Link
                        </title>
                        <g>
                          <path
                            d="M3.9 12c0-1.71 1.39-3.1 3.1-3.1h4V7H7c-2.76 0-5 2.24-5 5s2.24 5 5 5h4v-1.9H7c-1.71 0-3.1-1.39-3.1-3.1zM8 13h8v-2H8v2zm9-6h-4v1.9h4c1.71 0 3.1 1.39 3.1 3.1s-1.39 3.1-3.1 3.1h-4V17h4c2.76 0 5-2.24 5-5s-2.24-5-5-5z"
                          />
                        </g>
                      </svg>
                    </div>
                  </button>
                </div>
              </div>
            </div>
            <ul
              class="emotion-175 emotion-176"
            >
              <li
                class="emotion-139 emotion-16"
              >
                <div
                  class="emotion-13 emotion-14"
                >
                  <button
                    class="emotion-135 emotion-8"
                    id="urn:subject:1/urn:topic:1:186401"
                    type="button"
                  >
                    Brukertips og årsplaner
                  </button>
                  <div
                    class="c-folder__wrapper"
                    data-cy="folderWrapper"
                  />
                </div>
              </li>
              <li
                class="emotion-139 emotion-16"
              >
                <div
                  class="emotion-13 emotion-14"
                >
                  <button
                    class="emotion-7 emotion-8"
                    id="urn:subject:1/urn:topic:1:172416"
                    type="button"
                  >
                    Idéskaping og mediedesign
                  </button>
                  <div
                    class="c-folder__wrapper"
                    data-cy="folderWrapper"
                  />
                </div>
                <ul
                  class="emotion-175 emotion-176"
                >
                  <li
                    class="emotion-139 emotion-16"
                  >
                    <div
                      class="emotion-13 emotion-14"
                    >
                      <button
                        class="emotion-135 emotion-8"
                        id="urn:topic:1:172416/urn:topic:1:172597"
                        type="button"
                      >
                        Idéutvikling
                      </button>
                      <div
                        class="c-folder__wrapper"
                        data-cy="folderWrapper"
                      />
                    </div>
                  </li>
                  <li
                    class="emotion-139 emotion-16"
                  >
                    <div
                      class="emotion-13 emotion-14"
                    >
                      <button
                        class="emotion-135 emotion-8"
                        id="urn:topic:1:172416/urn:topic:1:186404"
                        type="button"
                      >
                        Idéutvikling
                      </button>
                      <div
                        class="c-folder__wrapper"
                        data-cy="folderWrapper"
                      />
                    </div>
                  </li>
                  <li
                    class="emotion-139 emotion-16"
                  >
                    <div
                      class="emotion-13 emotion-14"
                    >
                      <button
                        class="emotion-135 emotion-8"
                        id="urn:topic:1:172416/urn:topic:1:172600"
                        type="button"
                      >
                        Mediedesign
                      </button>
                      <div
                        class="c-folder__wrapper"
                        data-cy="folderWrapper"
                      />
                    </div>
                  </li>
                  <li
                    class="emotion-139 emotion-16"
                  >
                    <div
                      class="emotion-13 emotion-14"
                    >
                      <button
                        class="emotion-135 emotion-8"
                        id="urn:topic:1:172416/urn:topic:1:186407"
                        type="button"
                      >
                        Mediedesign
                      </button>
                      <div
                        class="c-folder__wrapper"
                        data-cy="folderWrapper"
                      />
                    </div>
                  </li>
                  <li
                    class="emotion-139 emotion-16"
                  >
                    <div
                      class="emotion-13 emotion-14"
                    >
                      <button
                        class="emotion-135 emotion-8"
                        id="urn:topic:1:172416/urn:topic:1:184482"
                        type="button"
                      >
                        Uttrykkshistorien, trender og stilarter
                      </button>
                      <div
                        class="c-folder__wrapper"
                        data-cy="folderWrapper"
                      />
                    </div>
                  </li>
                </ul>
              </li>
              <li
                class="emotion-139 emotion-16"
              >
                <div
                  class="emotion-13 emotion-14"
                >
                  <button
                    class="emotion-7 emotion-8"
                    id="urn:subject:1/urn:topic:1:186460"
                    type="button"
                  >
                    Medieproduksjon
                  </button>
                  <div
                    class="c-folder__wrapper"
                    data-cy="folderWrapper"
                  />
                </div>
                <ul
                  class="emotion-175 emotion-176"
                >
                  <li
                    class="emotion-139 emotion-16"
                  >
                    <div
                      class="emotion-13 emotion-14"
                    >
                      <button
                        class="emotion-135 emotion-8"
                        id="urn:topic:1:186460/urn:topic:1:186464"
                        type="button"
                      >
                        HMS, produksjonsutstyr og tekniske formater
                      </button>
                      <div
                        class="c-folder__wrapper"
                        data-cy="folderWrapper"
                      />
                    </div>
                  </li>
                  <li
                    class="emotion-139 emotion-16"
                  >
                    <div
                      class="emotion-13 emotion-14"
                    >
                      <button
                        class="emotion-135 emotion-8"
                        id="urn:topic:1:186460/urn:topic:1:184483"
                        type="button"
                      >
                        Produksjonsprosesser
                      </button>
                      <div
                        class="c-folder__wrapper"
                        data-cy="folderWrapper"
                      />
                    </div>
                  </li>
                  <li
                    class="emotion-139 emotion-16"
                  >
                    <div
                      class="emotion-13 emotion-14"
                    >
                      <button
                        class="emotion-135 emotion-8"
                        id="urn:topic:1:186460/urn:topic:1:183085"
                        type="button"
                      >
                        Skriftlig tekstarbeid
                      </button>
                      <div
                        class="c-folder__wrapper"
                        data-cy="folderWrapper"
                      />
                    </div>
                  </li>
                  <li
                    class="emotion-139 emotion-16"
                  >
                    <div
                      class="emotion-13 emotion-14"
                    >
                      <button
                        class="emotion-135 emotion-8"
                        id="urn:topic:1:186460/urn:topic:1:186468"
                        type="button"
                      >
                        Lydarbeid
                      </button>
                      <div
                        class="c-folder__wrapper"
                        data-cy="folderWrapper"
                      />
                    </div>
                  </li>
                  <li
                    class="emotion-139 emotion-16"
                  >
                    <div
                      class="emotion-13 emotion-14"
                    >
                      <button
                        class="emotion-135 emotion-8"
                        id="urn:topic:1:186460/urn:topic:1:186471"
                        type="button"
                      >
                        Bilde
                      </button>
                      <div
                        class="c-folder__wrapper"
                        data-cy="folderWrapper"
                      />
                    </div>
                  </li>
                  <li
                    class="emotion-139 emotion-16"
                  >
                    <div
                      class="emotion-13 emotion-14"
                    >
                      <button
                        class="emotion-135 emotion-8"
                        id="urn:topic:1:186460/urn:topic:1:186474"
                        type="button"
                      >
                        Levende bilder
                      </button>
                      <div
                        class="c-folder__wrapper"
                        data-cy="folderWrapper"
                      />
                    </div>
                  </li>
                  <li
                    class="emotion-139 emotion-16"
                  >
                    <div
                      class="emotion-13 emotion-14"
                    >
                      <button
                        class="emotion-135 emotion-8"
                        id="urn:topic:1:186460/urn:topic:1:169379"
                        type="button"
                      >
                        Nettsider
                      </button>
                      <div
                        class="c-folder__wrapper"
                        data-cy="folderWrapper"
                      />
                    </div>
                  </li>
                </ul>
              </li>
              <li
                class="emotion-265 emotion-16"
              >
                <div
                  class="emotion-13 emotion-14"
                >
                  <button
                    class="emotion-117 emotion-8"
                    id="urn:subject:1/urn:topic:1:186479"
                    type="button"
                  >
                    Mediekommunikasjon
                  </button>
                  <div
                    class="c-folder__wrapper"
                    data-cy="folderWrapper"
                  >
                    <div
                      class="emotion-123 emotion-124"
                    >
                      <button
                        class="emotion-11 emotion-1"
                        data-cy="settings-button-topic"
                        type="button"
                      >
                        <div
                          class="emotion-119 emotion-10"
                        >
                          <svg
                            class="c-icon"
                            data-license="Apache License 2.0"
                            data-source="Material Design"
                            fill="currentColor"
                            height="1em"
                            preserveAspectRatio="xMidYMid meet"
                            style="vertical-align: middle;"
                            viewBox="0 0 24 24"
                            width="1em"
                          >
                            <title>
                              Settings
                            </title>
                            <g>
                              <path
                                d="M0 0h24v24H0z"
                                fill="none"
                              />
                              <path
                                d="M19.43 12.98c.04-.32.07-.64.07-.98s-.03-.66-.07-.98l2.11-1.65c.19-.15.24-.42.12-.64l-2-3.46c-.12-.22-.39-.3-.61-.22l-2.49 1c-.52-.4-1.08-.73-1.69-.98l-.38-2.65C14.46 2.18 14.25 2 14 2h-4c-.25 0-.46.18-.49.42l-.38 2.65c-.61.25-1.17.59-1.69.98l-2.49-1c-.23-.09-.49 0-.61.22l-2 3.46c-.13.22-.07.49.12.64l2.11 1.65c-.04.32-.07.65-.07.98s.03.66.07.98l-2.11 1.65c-.19.15-.24.42-.12.64l2 3.46c.12.22.39.3.61.22l2.49-1c.52.4 1.08.73 1.69.98l.38 2.65c.03.24.24.42.49.42h4c.25 0 .46-.18.49-.42l.38-2.65c.61-.25 1.17-.59 1.69-.98l2.49 1c.23.09.49 0 .61-.22l2-3.46c.12-.22.07-.49-.12-.64l-2.11-1.65zM12 15.5c-1.93 0-3.5-1.57-3.5-3.5s1.57-3.5 3.5-3.5 3.5 1.57 3.5 3.5-1.57 3.5-3.5 3.5z"
                              />
                            </g>
                          </svg>
                        </div>
                      </button>
                    </div>
                  </div>
                </div>
                <ul
                  class="emotion-175 emotion-176"
                >
                  <li
                    class="emotion-139 emotion-16"
                  >
                    <div
                      class="emotion-13 emotion-14"
                    >
                      <button
                        class="emotion-135 emotion-8"
                        id="urn:topic:1:186479/urn:topic:1:186487"
                        type="button"
                      >
                        Mediekommunikasjon
                      </button>
                      <div
                        class="c-folder__wrapper"
                        data-cy="folderWrapper"
                      />
                    </div>
                  </li>
                  <li
                    class="emotion-255 emotion-16"
                  >
                    <div
                      class="emotion-13 emotion-14"
                    >
                      <button
                        class="emotion-135 emotion-8"
                        id="urn:topic:1:186479/urn:topic:1:172650"
                        type="button"
                      >
                        Fortelleteknikker og virkemidler
                      </button>
                      <div
                        class="c-folder__wrapper"
                        data-cy="folderWrapper"
                      >
                        <div
                          class="emotion-123 emotion-124"
                        >
                          <button
                            class="emotion-11 emotion-1"
                            data-cy="settings-button-topic"
                            type="button"
                          >
                            <div
                              class="emotion-119 emotion-10"
                            >
                              <svg
                                class="c-icon"
                                data-license="Apache License 2.0"
                                data-source="Material Design"
                                fill="currentColor"
                                height="1em"
                                preserveAspectRatio="xMidYMid meet"
                                style="vertical-align: middle;"
                                viewBox="0 0 24 24"
                                width="1em"
                              >
                                <title>
                                  Settings
                                </title>
                                <g>
                                  <path
                                    d="M0 0h24v24H0z"
                                    fill="none"
                                  />
                                  <path
                                    d="M19.43 12.98c.04-.32.07-.64.07-.98s-.03-.66-.07-.98l2.11-1.65c.19-.15.24-.42.12-.64l-2-3.46c-.12-.22-.39-.3-.61-.22l-2.49 1c-.52-.4-1.08-.73-1.69-.98l-.38-2.65C14.46 2.18 14.25 2 14 2h-4c-.25 0-.46.18-.49.42l-.38 2.65c-.61.25-1.17.59-1.69.98l-2.49-1c-.23-.09-.49 0-.61.22l-2 3.46c-.13.22-.07.49.12.64l2.11 1.65c-.04.32-.07.65-.07.98s.03.66.07.98l-2.11 1.65c-.19.15-.24.42-.12.64l2 3.46c.12.22.39.3.61.22l2.49-1c.52.4 1.08.73 1.69.98l.38 2.65c.03.24.24.42.49.42h4c.25 0 .46-.18.49-.42l.38-2.65c.61-.25 1.17-.59 1.69-.98l2.49 1c.23.09.49 0 .61-.22l2-3.46c.12-.22.07-.49-.12-.64l-2.11-1.65zM12 15.5c-1.93 0-3.5-1.57-3.5-3.5s1.57-3.5 3.5-3.5 3.5 1.57 3.5 3.5-1.57 3.5-3.5 3.5z"
                                  />
                                </g>
                              </svg>
                            </div>
                          </button>
                        </div>
                      </div>
                    </div>
                  </li>
                  <li
                    class="emotion-139 emotion-16"
                  >
                    <div
                      class="emotion-13 emotion-14"
                    >
                      <button
                        class="emotion-135 emotion-8"
                        id="urn:topic:1:186479/urn:topic:1:185606"
                        type="button"
                      >
                        Medieanalyse
                      </button>
                      <div
                        class="c-folder__wrapper"
                        data-cy="folderWrapper"
                      />
                    </div>
                  </li>
                </ul>
              </li>
              <li
                class="emotion-139 emotion-16"
              >
                <div
                  class="emotion-13 emotion-14"
                >
                  <button
                    class="emotion-7 emotion-8"
                    id="urn:subject:1/urn:topic:1:171906"
                    type="button"
                  >
                    Mediebransjen – yrker, regelverk og retorikk
                  </button>
                  <div
                    class="c-folder__wrapper"
                    data-cy="folderWrapper"
                  />
                </div>
                <ul
                  class="emotion-175 emotion-176"
                >
                  <li
                    class="emotion-139 emotion-16"
                  >
                    <div
                      class="emotion-13 emotion-14"
                    >
                      <button
                        class="emotion-135 emotion-8"
                        id="urn:topic:1:171906/urn:topic:1:165853"
                        type="button"
                      >
                        Medieyrker og elevproduksjon
                      </button>
                      <div
                        class="c-folder__wrapper"
                        data-cy="folderWrapper"
                      />
                    </div>
                  </li>
                  <li
                    class="emotion-139 emotion-16"
                  >
                    <div
                      class="emotion-13 emotion-14"
                    >
                      <button
                        class="emotion-135 emotion-8"
                        id="urn:topic:1:171906/urn:topic:1:165738"
                        type="button"
                      >
                        Journalistikk
                      </button>
                      <div
                        class="c-folder__wrapper"
                        data-cy="folderWrapper"
                      />
                    </div>
                  </li>
                  <li
                    class="emotion-139 emotion-16"
                  >
                    <div
                      class="emotion-13 emotion-14"
                    >
                      <button
                        class="emotion-135 emotion-8"
                        id="urn:topic:1:171906/urn:topic:1:166321"
                        type="button"
                      >
                        Kommunikasjonsvirksomhet
                      </button>
                      <div
                        class="c-folder__wrapper"
                        data-cy="folderWrapper"
                      />
                    </div>
                  </li>
                  <li
                    class="emotion-139 emotion-16"
                  >
                    <div
                      class="emotion-13 emotion-14"
                    >
                      <button
                        class="emotion-135 emotion-8"
                        id="urn:topic:1:171906/urn:topic:1:166872"
                        type="button"
                      >
                        Markedsføring
                      </button>
                      <div
                        class="c-folder__wrapper"
                        data-cy="folderWrapper"
                      />
                    </div>
                  </li>
                  <li
                    class="emotion-139 emotion-16"
                  >
                    <div
                      class="emotion-13 emotion-14"
                    >
                      <button
                        class="emotion-135 emotion-8"
                        id="urn:topic:1:171906/urn:topic:1:178849"
                        type="button"
                      >
                        Underholdningsbransjen
                      </button>
                      <div
                        class="c-folder__wrapper"
                        data-cy="folderWrapper"
                      />
                    </div>
                  </li>
                </ul>
              </li>
              <li
                class="emotion-139 emotion-16"
              >
                <div
                  class="emotion-13 emotion-14"
                >
                  <button
                    class="emotion-7 emotion-8"
                    id="urn:subject:1/urn:topic:1:172361"
                    type="button"
                  >
                    Individet og mediene
                  </button>
                  <div
                    class="c-folder__wrapper"
                    data-cy="folderWrapper"
                  />
                </div>
                <ul
                  class="emotion-175 emotion-176"
                >
                  <li
                    class="emotion-139 emotion-16"
                  >
                    <div
                      class="emotion-13 emotion-14"
                    >
                      <button
                        class="emotion-135 emotion-8"
                        id="urn:topic:1:172361/urn:topic:1:186069"
                        type="button"
                      >
                        Mediebruk og mediepåvirking
                      </button>
                      <div
                        class="c-folder__wrapper"
                        data-cy="folderWrapper"
                      />
                    </div>
                  </li>
                  <li
                    class="emotion-139 emotion-16"
                  >
                    <div
                      class="emotion-13 emotion-14"
                    >
                      <button
                        class="emotion-135 emotion-8"
                        id="urn:topic:1:172361/urn:topic:1:171903"
                        type="button"
                      >
                        Kildebruk, opphavsrett og personvern
                      </button>
                      <div
                        class="c-folder__wrapper"
                        data-cy="folderWrapper"
                      />
                    </div>
                  </li>
                </ul>
              </li>
              <li
                class="emotion-139 emotion-16"
              >
                <div
                  class="emotion-13 emotion-14"
                >
                  <button
                    class="emotion-7 emotion-8"
                    id="urn:subject:1/urn:topic:1:172362"
                    type="button"
                  >
                    Mediene i samfunnet
                  </button>
                  <div
                    class="c-folder__wrapper"
                    data-cy="folderWrapper"
                  />
                </div>
                <ul
                  class="emotion-175 emotion-176"
                >
                  <li
                    class="emotion-139 emotion-16"
                  >
                    <div
                      class="emotion-13 emotion-14"
                    >
                      <button
                        class="emotion-135 emotion-8"
                        id="urn:topic:1:172362/urn:topic:1:162756"
                        type="button"
                      >
                        Ytringsfrihet og demokrati
                      </button>
                      <div
                        class="c-folder__wrapper"
                        data-cy="folderWrapper"
                      />
                    </div>
                  </li>
                  <li
                    class="emotion-139 emotion-16"
                  >
                    <div
                      class="emotion-13 emotion-14"
                    >
                      <button
                        class="emotion-135 emotion-8"
                        id="urn:topic:1:172362/urn:topic:1:172615"
                        type="button"
                      >
                        Mediestrukturen i Norge
                      </button>
                      <div
                        class="c-folder__wrapper"
                        data-cy="folderWrapper"
                      />
                    </div>
                  </li>
                  <li
                    class="emotion-139 emotion-16"
                  >
                    <div
                      class="emotion-13 emotion-14"
                    >
                      <button
                        class="emotion-135 emotion-8"
                        id="urn:topic:1:172362/urn:topic:1:184484"
                        type="button"
                      >
                        Makt og medier
                      </button>
                      <div
                        class="c-folder__wrapper"
                        data-cy="folderWrapper"
                      />
                    </div>
                  </li>
                  <li
                    class="emotion-139 emotion-16"
                  >
                    <div
                      class="emotion-13 emotion-14"
                    >
                      <button
                        class="emotion-135 emotion-8"
                        id="urn:topic:1:172362/urn:topic:1:185588"
                        type="button"
                      >
                        Mediehistorie
                      </button>
                      <div
                        class="c-folder__wrapper"
                        data-cy="folderWrapper"
                      />
                    </div>
                  </li>
                  <li
                    class="emotion-139 emotion-16"
                  >
                    <div
                      class="emotion-13 emotion-14"
                    >
                      <button
                        class="emotion-135 emotion-8"
                        id="urn:topic:1:172362/urn:topic:1:184485"
                        type="button"
                      >
                        Medieuttrykk i samfunnet
                      </button>
                      <div
                        class="c-folder__wrapper"
                        data-cy="folderWrapper"
                      />
                    </div>
                  </li>
                </ul>
              </li>
              <li
                class="emotion-139 emotion-16"
              >
                <div
                  class="emotion-13 emotion-14"
                >
                  <button
                    class="emotion-7 emotion-8"
                    id="urn:subject:1/urn:topic:1:172568"
                    type="button"
                  >
                    Tverrfaglige arbeidsoppdrag
                  </button>
                  <div
                    class="c-folder__wrapper"
                    data-cy="folderWrapper"
                  />
                </div>
                <ul
                  class="emotion-175 emotion-176"
                >
                  <li
                    class="emotion-139 emotion-16"
                  >
                    <div
                      class="emotion-13 emotion-14"
                    >
                      <button
                        class="emotion-135 emotion-8"
                        id="urn:topic:1:172568/urn:topic:1:172789"
                        type="button"
                      >
                        Tverrfaglige arbeidsoppdrag nivå 1
                      </button>
                      <div
                        class="c-folder__wrapper"
                        data-cy="folderWrapper"
                      />
                    </div>
                  </li>
                  <li
                    class="emotion-139 emotion-16"
                  >
                    <div
                      class="emotion-13 emotion-14"
                    >
                      <button
                        class="emotion-135 emotion-8"
                        id="urn:topic:1:172568/urn:topic:1:172790"
                        type="button"
                      >
                        Tverrfaglige arbeidsoppdrag nivå 2
                      </button>
                      <div
                        class="c-folder__wrapper"
                        data-cy="folderWrapper"
                      />
                    </div>
                  </li>
                  <li
                    class="emotion-139 emotion-16"
                  >
                    <div
                      class="emotion-13 emotion-14"
                    >
                      <button
                        class="emotion-135 emotion-8"
                        id="urn:topic:1:172568/urn:topic:1:172791"
                        type="button"
                      >
                        Tverrfaglige arbeidsoppdrag nivå 3
                      </button>
                      <div
                        class="c-folder__wrapper"
                        data-cy="folderWrapper"
                      />
                    </div>
                  </li>
                  <li
                    class="emotion-139 emotion-16"
                  >
                    <div
                      class="emotion-13 emotion-14"
                    >
                      <button
                        class="emotion-135 emotion-8"
                        id="urn:topic:1:172568/urn:topic:1:184496"
                        type="button"
                      >
                        Tverrfaglige arbeidsoppdrag nivå 4
                      </button>
                      <div
                        class="c-folder__wrapper"
                        data-cy="folderWrapper"
                      />
                    </div>
                  </li>
                  <li
                    class="emotion-139 emotion-16"
                  >
                    <div
                      class="emotion-13 emotion-14"
                    >
                      <button
                        class="emotion-135 emotion-8"
                        id="urn:topic:1:172568/urn:topic:1:184504"
                        type="button"
                      >
                        Tverrfaglige arbeidsoppdrag nivå 5
                      </button>
                      <div
                        class="c-folder__wrapper"
                        data-cy="folderWrapper"
                      />
                    </div>
                  </li>
                  <li
                    class="emotion-139 emotion-16"
                  >
                    <div
                      class="emotion-13 emotion-14"
                    >
                      <button
                        class="emotion-135 emotion-8"
                        id="urn:topic:1:172568/urn:topic:1:184505"
                        type="button"
                      >
                        Tverrfaglige arbeidsoppdrag nivå 6
                      </button>
                      <div
                        class="c-folder__wrapper"
                        data-cy="folderWrapper"
                      />
                    </div>
                  </li>
                </ul>
              </li>
            </ul>
          </li>
          <li
            class="emotion-15 emotion-16"
          >
            <div
              class="emotion-13 emotion-14"
            >
              <button
                class="emotion-7 emotion-8"
                id="urn:subject:13"
                type="button"
              >
                Naturbruk vg 1
              </button>
              <div
                class="c-folder__wrapper"
                data-cy="folderWrapper"
              >
                <div
                  style="display: none;"
                >
                  <button
                    class="emotion-11 emotion-1"
                    type="button"
                  >
                    <div
                      class="emotion-9 emotion-10"
                    >
                      <svg
                        class="c-icon"
                        data-license="Apache License 2.0"
                        data-source="Material Design"
                        fill="currentColor"
                        height="1em"
                        preserveAspectRatio="xMidYMid meet"
                        style="vertical-align: middle;"
                        viewBox="0 0 24 24"
                        width="1em"
                      >
                        <title>
                          Link
                        </title>
                        <g>
                          <path
                            d="M3.9 12c0-1.71 1.39-3.1 3.1-3.1h4V7H7c-2.76 0-5 2.24-5 5s2.24 5 5 5h4v-1.9H7c-1.71 0-3.1-1.39-3.1-3.1zM8 13h8v-2H8v2zm9-6h-4v1.9h4c1.71 0 3.1 1.39 3.1 3.1s-1.39 3.1-3.1 3.1h-4V17h4c2.76 0 5-2.24 5-5s-2.24-5-5-5z"
                          />
                        </g>
                      </svg>
                    </div>
                  </button>
                </div>
              </div>
            </div>
          </li>
          <li
            class="emotion-15 emotion-16"
          >
            <div
              class="emotion-13 emotion-14"
            >
              <button
                class="emotion-7 emotion-8"
                id="urn:subject:3"
                type="button"
              >
                Samfunnsfag
              </button>
              <div
                class="c-folder__wrapper"
                data-cy="folderWrapper"
              >
                <div
                  style="display: none;"
                >
                  <button
                    class="emotion-11 emotion-1"
                    type="button"
                  >
                    <div
                      class="emotion-9 emotion-10"
                    >
                      <svg
                        class="c-icon"
                        data-license="Apache License 2.0"
                        data-source="Material Design"
                        fill="currentColor"
                        height="1em"
                        preserveAspectRatio="xMidYMid meet"
                        style="vertical-align: middle;"
                        viewBox="0 0 24 24"
                        width="1em"
                      >
                        <title>
                          Link
                        </title>
                        <g>
                          <path
                            d="M3.9 12c0-1.71 1.39-3.1 3.1-3.1h4V7H7c-2.76 0-5 2.24-5 5s2.24 5 5 5h4v-1.9H7c-1.71 0-3.1-1.39-3.1-3.1zM8 13h8v-2H8v2zm9-6h-4v1.9h4c1.71 0 3.1 1.39 3.1 3.1s-1.39 3.1-3.1 3.1h-4V17h4c2.76 0 5-2.24 5-5s-2.24-5-5-5z"
                          />
                        </g>
                      </svg>
                    </div>
                  </button>
                </div>
              </div>
            </div>
          </li>
          <li
            class="emotion-15 emotion-16"
          >
            <div
              class="emotion-13 emotion-14"
            >
              <button
                class="emotion-7 emotion-8"
                id="urn:subject:12"
                type="button"
              >
                Service og samferdsel vg1
              </button>
              <div
                class="c-folder__wrapper"
                data-cy="folderWrapper"
              >
                <div
                  style="display: none;"
                >
                  <button
                    class="emotion-11 emotion-1"
                    type="button"
                  >
                    <div
                      class="emotion-9 emotion-10"
                    >
                      <svg
                        class="c-icon"
                        data-license="Apache License 2.0"
                        data-source="Material Design"
                        fill="currentColor"
                        height="1em"
                        preserveAspectRatio="xMidYMid meet"
                        style="vertical-align: middle;"
                        viewBox="0 0 24 24"
                        width="1em"
                      >
                        <title>
                          Link
                        </title>
                        <g>
                          <path
                            d="M3.9 12c0-1.71 1.39-3.1 3.1-3.1h4V7H7c-2.76 0-5 2.24-5 5s2.24 5 5 5h4v-1.9H7c-1.71 0-3.1-1.39-3.1-3.1zM8 13h8v-2H8v2zm9-6h-4v1.9h4c1.71 0 3.1 1.39 3.1 3.1s-1.39 3.1-3.1 3.1h-4V17h4c2.76 0 5-2.24 5-5s-2.24-5-5-5z"
                          />
                        </g>
                      </svg>
                    </div>
                  </button>
                </div>
              </div>
            </div>
          </li>
          <li
            class="emotion-15 emotion-16"
          >
            <div
              class="emotion-13 emotion-14"
            >
              <button
                class="emotion-7 emotion-8"
                id="urn:subject:15"
                type="button"
              >
                Sørsamisk vg1 og vg2
              </button>
              <div
                class="c-folder__wrapper"
                data-cy="folderWrapper"
              >
                <div
                  style="display: none;"
                >
                  <button
                    class="emotion-11 emotion-1"
                    type="button"
                  >
                    <div
                      class="emotion-9 emotion-10"
                    >
                      <svg
                        class="c-icon"
                        data-license="Apache License 2.0"
                        data-source="Material Design"
                        fill="currentColor"
                        height="1em"
                        preserveAspectRatio="xMidYMid meet"
                        style="vertical-align: middle;"
                        viewBox="0 0 24 24"
                        width="1em"
                      >
                        <title>
                          Link
                        </title>
                        <g>
                          <path
                            d="M3.9 12c0-1.71 1.39-3.1 3.1-3.1h4V7H7c-2.76 0-5 2.24-5 5s2.24 5 5 5h4v-1.9H7c-1.71 0-3.1-1.39-3.1-3.1zM8 13h8v-2H8v2zm9-6h-4v1.9h4c1.71 0 3.1 1.39 3.1 3.1s-1.39 3.1-3.1 3.1h-4V17h4c2.76 0 5-2.24 5-5s-2.24-5-5-5z"
                          />
                        </g>
                      </svg>
                    </div>
                  </button>
                </div>
              </div>
            </div>
          </li>
          <li
            class="emotion-15 emotion-16"
          >
            <div
              class="emotion-13 emotion-14"
            >
              <button
                class="emotion-7 emotion-8"
                id="urn:subject:5"
                type="button"
              >
                Testfag
              </button>
              <div
                class="c-folder__wrapper"
                data-cy="folderWrapper"
              >
                <div
                  style="display: none;"
                >
                  <button
                    class="emotion-11 emotion-1"
                    type="button"
                  >
                    <div
                      class="emotion-9 emotion-10"
                    >
                      <svg
                        class="c-icon"
                        data-license="Apache License 2.0"
                        data-source="Material Design"
                        fill="currentColor"
                        height="1em"
                        preserveAspectRatio="xMidYMid meet"
                        style="vertical-align: middle;"
                        viewBox="0 0 24 24"
                        width="1em"
                      >
                        <title>
                          Link
                        </title>
                        <g>
                          <path
                            d="M3.9 12c0-1.71 1.39-3.1 3.1-3.1h4V7H7c-2.76 0-5 2.24-5 5s2.24 5 5 5h4v-1.9H7c-1.71 0-3.1-1.39-3.1-3.1zM8 13h8v-2H8v2zm9-6h-4v1.9h4c1.71 0 3.1 1.39 3.1 3.1s-1.39 3.1-3.1 3.1h-4V17h4c2.76 0 5-2.24 5-5s-2.24-5-5-5z"
                          />
                        </g>
                      </svg>
                    </div>
                  </button>
                </div>
              </div>
            </div>
          </li>
          <li
            class="emotion-15 emotion-16"
          >
            <div
              class="emotion-13 emotion-14"
            >
              <button
                class="emotion-7 emotion-8"
                id="urn:subject:8"
                type="button"
              >
                Tysk
              </button>
              <div
                class="c-folder__wrapper"
                data-cy="folderWrapper"
              >
                <div
                  style="display: none;"
                >
                  <button
                    class="emotion-11 emotion-1"
                    type="button"
                  >
                    <div
                      class="emotion-9 emotion-10"
                    >
                      <svg
                        class="c-icon"
                        data-license="Apache License 2.0"
                        data-source="Material Design"
                        fill="currentColor"
                        height="1em"
                        preserveAspectRatio="xMidYMid meet"
                        style="vertical-align: middle;"
                        viewBox="0 0 24 24"
                        width="1em"
                      >
                        <title>
                          Link
                        </title>
                        <g>
                          <path
                            d="M3.9 12c0-1.71 1.39-3.1 3.1-3.1h4V7H7c-2.76 0-5 2.24-5 5s2.24 5 5 5h4v-1.9H7c-1.71 0-3.1-1.39-3.1-3.1zM8 13h8v-2H8v2zm9-6h-4v1.9h4c1.71 0 3.1 1.39 3.1 3.1s-1.39 3.1-3.1 3.1h-4V17h4c2.76 0 5-2.24 5-5s-2.24-5-5-5z"
                          />
                        </g>
                      </svg>
                    </div>
                  </button>
                </div>
              </div>
            </div>
          </li>
          <li
            class="emotion-15 emotion-16"
          >
            <div
              class="emotion-13 emotion-14"
            >
              <button
                class="emotion-7 emotion-8"
                id="urn:subject:4"
                type="button"
              >
                Vg 2 Helsearbeiderfag
              </button>
              <div
                class="c-folder__wrapper"
                data-cy="folderWrapper"
              >
                <div
                  style="display: none;"
                >
                  <button
                    class="emotion-11 emotion-1"
                    type="button"
                  >
                    <div
                      class="emotion-9 emotion-10"
                    >
                      <svg
                        class="c-icon"
                        data-license="Apache License 2.0"
                        data-source="Material Design"
                        fill="currentColor"
                        height="1em"
                        preserveAspectRatio="xMidYMid meet"
                        style="vertical-align: middle;"
                        viewBox="0 0 24 24"
                        width="1em"
                      >
                        <title>
                          Link
                        </title>
                        <g>
                          <path
                            d="M3.9 12c0-1.71 1.39-3.1 3.1-3.1h4V7H7c-2.76 0-5 2.24-5 5s2.24 5 5 5h4v-1.9H7c-1.71 0-3.1-1.39-3.1-3.1zM8 13h8v-2H8v2zm9-6h-4v1.9h4c1.71 0 3.1 1.39 3.1 3.1s-1.39 3.1-3.1 3.1h-4V17h4c2.76 0 5-2.24 5-5s-2.24-5-5-5z"
                          />
                        </g>
                      </svg>
                    </div>
                  </button>
                </div>
              </div>
            </div>
          </li>
        </ul>
        <div />
      </div>
    </div>
  </div>
  <div
    class="emotion-483 emotion-484"
  />
</div>
`;
